Archive member included to satisfy reference by file (symbol)

c:/devkitPro/libctru/lib\libctru.a(console.o)
                              main.o (consoleInit)
c:/devkitPro/libctru/lib\libctru.a(gfx.o)
                              c:/devkitPro/libctru/lib\libctru.a(console.o) (gfxSetScreenFormat)
c:/devkitPro/libctru/lib\libctru.a(gx.o)
                              c:/devkitPro/libctru/lib\libctru.a(gfx.o) (gxCmdBuf)
c:/devkitPro/libctru/lib\libctru.a(gspgpu.o)
                              c:/devkitPro/libctru/lib\libctru.a(gfx.o) (gspInit)
c:/devkitPro/libctru/lib\libctru.a(am.o)
                              main.o (amAppInit)
c:/devkitPro/libctru/lib\libctru.a(apt.o)
                              main.o (aptMainLoop)
c:/devkitPro/libctru/lib\libctru.a(hid.o)
                              main.o (hidScanInput)
c:/devkitPro/libctru/lib\libctru.a(httpc.o)
                              main.o (httpcInit)
c:/devkitPro/libctru/lib\libctru.a(utf8_to_utf16.o)
                              c:/devkitPro/libctru/lib\libctru.a(am.o) (utf8_to_utf16)
c:/devkitPro/libctru/lib\libctru.a(initSystem.o)
                              c:/devkitPro/libctru/lib\libctru.a(apt.o) (__system_retAddr)
c:/devkitPro/libctru/lib\libctru.a(syscalls.o)
                              c:/devkitPro/libctru/lib\libctru.a(initSystem.o) (__system_initSyscalls)
c:/devkitPro/libctru/lib\libctru.a(allocateHeaps.o)
                              c:/devkitPro/libctru/lib\libctru.a(initSystem.o) (__system_allocateHeaps)
c:/devkitPro/libctru/lib\libctru.a(initArgv.o)
                              c:/devkitPro/libctru/lib\libctru.a(initSystem.o) (__system_initArgv)
c:/devkitPro/libctru/lib\libctru.a(svc.o)
                              c:/devkitPro/libctru/lib\libctru.a(allocateHeaps.o) (svcControlMemory)
c:/devkitPro/libctru/lib\libctru.a(stack_adjust.o)
                              c:/devkitpro/devkitarm/bin/../lib/gcc/arm-none-eabi/7.1.0/../../../../arm-none-eabi/lib/armv6k/fpu/3dsx_crt0.o (initSystem)
c:/devkitPro/libctru/lib\libctru.a(default_font.bin.o)
                              c:/devkitPro/libctru/lib\libctru.a(console.o) (default_font_bin)
c:/devkitPro/libctru/lib\libctru.a(vram.o)
                              c:/devkitPro/libctru/lib\libctru.a(gfx.o) (vramAlloc)
c:/devkitPro/libctru/lib\libctru.a(mappable.o)
                              c:/devkitPro/libctru/lib\libctru.a(gfx.o) (mappableAlloc)
c:/devkitPro/libctru/lib\libctru.a(linear.o)
                              c:/devkitPro/libctru/lib\libctru.a(gfx.o) (linearAlloc)
c:/devkitPro/libctru/lib\libctru.a(mem_pool.o)
                              c:/devkitPro/libctru/lib\libctru.a(vram.o) (MemPool::Allocate(MemChunk&, unsigned long, int))
c:/devkitPro/libctru/lib\libctru.a(synchronization.o)
                              c:/devkitPro/libctru/lib\libctru.a(initSystem.o) (__sync_init)
c:/devkitPro/libctru/lib\libctru.a(os.o)
                              c:/devkitPro/libctru/lib\libctru.a(allocateHeaps.o) (osGetMemRegionUsed)
c:/devkitPro/libctru/lib\libctru.a(srv.o)
                              c:/devkitPro/libctru/lib\libctru.a(apt.o) (srvInit)
c:/devkitPro/libctru/lib\libctru.a(thread.o)
                              c:/devkitPro/libctru/lib\libctru.a(gspgpu.o) (threadCreate)
c:/devkitPro/libctru/lib\libctru.a(irrst.o)
                              c:/devkitPro/libctru/lib\libctru.a(hid.o) (irrstScanInput)
c:/devkitPro/libctru/lib\libctru.a(srvpm.o)
                              c:/devkitPro/libctru/lib\libctru.a(srv.o) (srvPmGetSessionHandle)
c:/devkitPro/libctru/lib\libctru.a(ptmsysm.o)
                              c:/devkitPro/libctru/lib\libctru.a(os.o) (ptmSysmInit)
c:/devkitPro/libctru/lib\libctru.a(rbtree_init.o)
                              c:/devkitPro/libctru/lib\libctru.a(vram.o) (rbtree_init)
c:/devkitPro/libctru/lib\libctru.a(rbtree_insert.o)
                              c:/devkitPro/libctru/lib\libctru.a(vram.o) (rbtree_insert)
c:/devkitPro/libctru/lib\libctru.a(rbtree_rotate.o)
                              c:/devkitPro/libctru/lib\libctru.a(rbtree_insert.o) (rbtree_rotate)
c:/devkitPro/libctru/lib\libctru.a(rbtree_remove.o)
                              c:/devkitPro/libctru/lib\libctru.a(vram.o) (rbtree_remove)
c:/devkitPro/libctru/lib\libctru.a(rbtree_find.o)
                              c:/devkitPro/libctru/lib\libctru.a(vram.o) (rbtree_find)
c:/devkitPro/libctru/lib\libctru.a(encode_utf16.o)
                              c:/devkitPro/libctru/lib\libctru.a(utf8_to_utf16.o) (encode_utf16)
c:/devkitPro/libctru/lib\libctru.a(decode_utf8.o)
                              c:/devkitPro/libctru/lib\libctru.a(utf8_to_utf16.o) (decode_utf8)
c:/devkitPro/libctru/lib\libctru.a(appInit.o)
                              c:/devkitPro/libctru/lib\libctru.a(stack_adjust.o) (__appInit)
c:/devkitPro/libctru/lib\libctru.a(appExit.o)
[...]
Memory Configuration

Name             Origin             Length             Attributes
*default*        0x00000000         0xffffffff

Linker script and memory map

                0x00100000                PROVIDE (__start__, 0x100000)
                0x00100000                . = __start__

.text           0x00100000    0x2ceac
 *(.crt0)
 .crt0          0x00100000       0x94 c:/devkitpro/devkitarm/bin/../lib/gcc/arm-none-eabi/7.1.0/../../../../arm-none-eabi/lib/armv6k/fpu/3dsx_crt0.o
                0x00100000                _start
                0x00100008                __service_ptr
                0x0010000c                __apt_appid
                0x00100010                __heap_size
                0x00100014                __linear_heap_size
                0x00100018                __system_arglist
                0x0010001c                __system_runflags
 *(.init)
 .init          0x00100094        0xc c:/devkitpro/devkitarm/bin/../lib/gcc/arm-none-eabi/7.1.0/armv6k/fpu/crti.o
                0x00100094                _init
 .init          0x001000a0        0xc c:/devkitpro/devkitarm/bin/../lib/gcc/arm-none-eabi/7.1.0/armv6k/fpu/crtn.o
                0x001000ac                . = ALIGN (0x4)
 *(.text)
 .text          0x001000ac      0x868 main.o
                0x001000ac                str_replace
                0x00100258                http_download
                0x0010068c                CreateFiles
                0x00100858                DownloadFiles
                0x001008f0                kys
 .text          0x00100914       0x64 c:/devkitPro/libctru/lib\libctru.a(stack_adjust.o)
                0x00100914                initSystem
                0x00100958                __ctru_exit
 .text          0x00100978      0x240 c:/devkitpro/devkitarm/bin/../lib/gcc/arm-none-eabi/7.1.0/armv6k/fpu\libgcc.a(_divsi3.o)
                0x00100978                __divsi3
                0x00100978                __aeabi_idiv
                0x00100b98                __aeabi_idivmod
 .text          0x00100bb8        0x4 c:/devkitpro/devkitarm/bin/../lib/gcc/arm-none-eabi/7.1.0/armv6k/fpu\libgcc.a(_dvmd_tls.o)
                0x00100bb8                __aeabi_idiv0
                0x00100bb8                __aeabi_ldiv0
 .text          0x00100bbc       0x3c c:/devkitpro/devkitarm/bin/../lib/gcc/arm-none-eabi/7.1.0/armv6k/fpu\libgcc.a(_aeabi_uldivmod.o)
                0x00100bbc                __aeabi_uldivmod
 *fill*         0x00100bf8        0x8 
 .text          0x00100c00      0x390 c:/devkitpro/devkitarm/bin/../lib/gcc/arm-none-eabi/7.1.0/../../../../arm-none-eabi/lib/armv6k/fpu\libg.a(lib_a-strcmp.o)
                0x00100c08                strcmp
 .text          0x00100f90      0x20c c:/devkitpro/devkitarm/bin/../lib/gcc/arm-none-eabi/7.1.0/armv6k/fpu\libgcc.a(_udivsi3.o)
                0x00100f90                __aeabi_uidiv
                0x00100f90                __udivsi3
                0x0010117c                __aeabi_uidivmod
 *(.text.*)
 .text.deregister_tm_clones
                0x0010119c       0x2c c:/devkitpro/devkitarm/bin/../lib/gcc/arm-none-eabi/7.1.0/armv6k/fpu/crtbegin.o
 .text.register_tm_clones
                0x001011c8       0x38 c:/devkitpro/devkitarm/bin/../lib/gcc/arm-none-eabi/7.1.0/armv6k/fpu/crtbegin.o
 .text.__do_global_dtors_aux
                0x00101200       0x44 c:/devkitpro/devkitarm/bin/../lib/gcc/arm-none-eabi/7.1.0/armv6k/fpu/crtbegin.o
 .text.frame_dummy
                0x00101244       0x34 c:/devkitpro/devkitarm/bin/../lib/gcc/arm-none-eabi/7.1.0/armv6k/fpu/crtbegin.o
 .text.startup  0x00101278       0xe0 main.o
                0x00101278                main
 .text.consoleDrawChar
                0x00101358      0x1c0 c:/devkitPro/libctru/lib\libctru.a(console.o)
                0x00101358                consoleDrawChar
 .text.consolePrintChar
                0x00101518      0x128 c:/devkitPro/libctru/lib\libctru.a(console.o)
                0x00101518                consolePrintChar
 .text.consoleCls
                0x00101640      0x184 c:/devkitPro/libctru/lib\libctru.a(console.o)
 .text.consoleInit
                0x001017c4      0x104 c:/devkitPro/libctru/lib\libctru.a(console.o)
                0x001017c4                consoleInit
 .text.consoleClearLine
                0x001018c8      0x138 c:/devkitPro/libctru/lib\libctru.a(console.o)
 .text.newRow   0x00101a00       0xc0 c:/devkitPro/libctru/lib\libctru.a(console.o)
 .text.con_write
                0x00101ac0      0x810 c:/devkitPro/libctru/lib\libctru.a(console.o)
                0x00101ac0                con_write
 .text.gfxSetFramebufferInfo.part.0
                0x001022d0       0x8c c:/devkitPro/libctru/lib\libctru.a(gfx.o)
 .text.__get_bytes_per_pixel
                0x0010235c       0x18 c:/devkitPro/libctru/lib\libctru.a(gfx.o)
                0x0010235c                __get_bytes_per_pixel
 .text.gfxSetScreenFormat
                0x00102374      0x184 c:/devkitPro/libctru/lib\libctru.a(gfx.o)
                0x00102374                gfxSetScreenFormat
 .text.gfxSetDoubleBuffering
                0x001024f8       0x10 c:/devkitPro/libctru/lib\libctru.a(gfx.o)
                0x001024f8                gfxSetDoubleBuffering
 .text.gfxSetFramebufferInfo
                0x00102508       0x6c c:/devkitPro/libctru/lib\libctru.a(gfx.o)
                0x00102508                gfxSetFramebufferInfo
 .text.gfxWriteFramebufferInfo
                0x00102574       0xb0 c:/devkitPro/libctru/lib\libctru.a(gfx.o)
                0x00102574                gfxWriteFramebufferInfo
 .text.gfxInit  0x00102624      0x210 c:/devkitPro/libctru/lib\libctru.a(gfx.o)
                0x00102624                gfxInit
 .text.gfxInitDefault
                0x00102834       0x10 c:/devkitPro/libctru/lib\libctru.a(gfx.o)
                0x00102834                gfxInitDefault
 .text.gfxExit  0x00102844       0xe0 c:/devkitPro/libctru/lib\libctru.a(gfx.o)
                0x00102844                gfxExit
 .text.gfxGetFramebuffer
                0x00102924       0xa8 c:/devkitPro/libctru/lib\libctru.a(gfx.o)
                0x00102924                gfxGetFramebuffer
 .text.gfxFlushBuffers
                0x001029cc       0xe8 c:/devkitPro/libctru/lib\libctru.a(gfx.o)
                0x001029cc                gfxFlushBuffers
 .text.gfxConfigScreen
                0x00102ab4       0x60 c:/devkitPro/libctru/lib\libctru.a(gfx.o)
                0x00102ab4                gfxConfigScreen
 .text.gfxSwapBuffers
                0x00102b14       0x20 c:/devkitPro/libctru/lib\libctru.a(gfx.o)
                0x00102b14                gfxSwapBuffers
 .text.gfxSwapBuffersGpu
                0x00102b34       0x20 c:/devkitPro/libctru/lib\libctru.a(gfx.o)
                0x00102b34                gfxSwapBuffersGpu
 .text.gspInit  0x00102b54       0x74 c:/devkitPro/libctru/lib\libctru.a(gspgpu.o)
                0x00102b54                gspInit
 .text.gspExit  0x00102bc8       0x3c c:/devkitPro/libctru/lib\libctru.a(gspgpu.o)
                0x00102bc8                gspExit
 .text.gspInitEventHandler
                0x00102c04       0xa0 c:/devkitPro/libctru/lib\libctru.a(gspgpu.o)
                0x00102c04                gspInitEventHandler
 .text.gspExitEventHandler
                0x00102ca4       0x40 c:/devkitPro/libctru/lib\libctru.a(gspgpu.o)
                0x00102ca4                gspExitEventHandler
 .text.gspWaitForEvent
                0x00102ce4       0x44 c:/devkitPro/libctru/lib\libctru.a(gspgpu.o)
                0x00102ce4                gspWaitForEvent
 .text.gxCmdQueueInterrupt
                0x00102d28        0x4 c:/devkitPro/libctru/lib\libctru.a(gspgpu.o)
                0x00102d28                gxCmdQueueInterrupt
 .text.gspEventThreadMain
                0x00102d2c      0x174 c:/devkitPro/libctru/lib\libctru.a(gspgpu.o)
 .text.GSPGPU_SetBufferSwap
                0x00102ea0       0x6c c:/devkitPro/libctru/lib\libctru.a(gspgpu.o)
                0x00102ea0                GSPGPU_SetBufferSwap
 .text.GSPGPU_FlushDataCache
                0x00102f0c       0x4c c:/devkitPro/libctru/lib\libctru.a(gspgpu.o)
                0x00102f0c                GSPGPU_FlushDataCache
 .text.GSPGPU_SetLcdForceBlack
                0x00102f58       0x34 c:/devkitPro/libctru/lib\libctru.a(gspgpu.o)
                0x00102f58                GSPGPU_SetLcdForceBlack
 .text.GSPGPU_RegisterInterruptRelayQueue
                0x00102f8c       0x64 c:/devkitPro/libctru/lib\libctru.a(gspgpu.o)
                0x00102f8c                GSPGPU_RegisterInterruptRelayQueue
 .text.GSPGPU_UnregisterInterruptRelayQueue
                0x00102ff0       0x2c c:/devkitPro/libctru/lib\libctru.a(gspgpu.o)
                0x00102ff0                GSPGPU_UnregisterInterruptRelayQueue
 .text.GSPGPU_AcquireRight
                0x0010301c       0x48 c:/devkitPro/libctru/lib\libctru.a(gspgpu.o)
                0x0010301c                GSPGPU_AcquireRight
 .text.GSPGPU_ReleaseRight
                0x00103064       0x2c c:/devkitPro/libctru/lib\libctru.a(gspgpu.o)
                0x00103064                GSPGPU_ReleaseRight
 .text.GSPGPU_ImportDisplayCaptureInfo
                0x00103090       0x80 c:/devkitPro/libctru/lib\libctru.a(gspgpu.o)
                0x00103090                GSPGPU_ImportDisplayCaptureInfo
 .text.GSPGPU_SaveVramSysArea
                0x00103110       0x2c c:/devkitPro/libctru/lib\libctru.a(gspgpu.o)
                0x00103110                GSPGPU_SaveVramSysArea
 .text.GSPGPU_RestoreVramSysArea
                0x0010313c       0x2c c:/devkitPro/libctru/lib\libctru.a(gspgpu.o)
                0x0010313c                GSPGPU_RestoreVramSysArea
 .text.amAppInit
                0x00103168       0x8c c:/devkitPro/libctru/lib\libctru.a(am.o)
                0x00103168                amAppInit
 .text.amExit   0x001031f4       0x3c c:/devkitPro/libctru/lib\libctru.a(am.o)
                0x001031f4                amExit
 .text.AM_DeleteTitle
                0x00103230       0x38 c:/devkitPro/libctru/lib\libctru.a(am.o)
                0x00103230                AM_DeleteTitle
 .text._aptDebug
                0x00103268        0x4 c:/devkitPro/libctru/lib\libctru.a(apt.o)
                0x00103268                _aptDebug
 .text.aptSendCommand
                0x0010326c      0x15c c:/devkitPro/libctru/lib\libctru.a(apt.o)
                0x0010326c                aptSendCommand
 .text.aptExitProcess
                0x001033c8       0x3c c:/devkitPro/libctru/lib\libctru.a(apt.o)
 .text.APT_InquireNotification
                0x00103404       0x4c c:/devkitPro/libctru/lib\libctru.a(apt.o)
                0x00103404                APT_InquireNotification
 .text.aptEventHandler
                0x00103450      0x19c c:/devkitPro/libctru/lib\libctru.a(apt.o)
 .text.APT_AppletUtility
                0x001035ec       0x74 c:/devkitPro/libctru/lib\libctru.a(apt.o)
                0x001035ec                APT_AppletUtility
 .text.aptSetSleepAllowed
                0x00103660       0xb0 c:/devkitPro/libctru/lib\libctru.a(apt.o)
                0x00103660                aptSetSleepAllowed
 .text.APT_GlanceParameter
                0x00103710       0xb0 c:/devkitPro/libctru/lib\libctru.a(apt.o)
                0x00103710                APT_GlanceParameter
 .text.APT_ReceiveParameter
                0x001037c0       0xc4 c:/devkitPro/libctru/lib\libctru.a(apt.o)
                0x001037c0                APT_ReceiveParameter
 .text.aptReceiveParameter.constprop.1
                0x00103884       0xbc c:/devkitPro/libctru/lib\libctru.a(apt.o)
 .text.aptScreenTransfer
                0x00103940      0x1e8 c:/devkitPro/libctru/lib\libctru.a(apt.o)
 .text.aptWaitForWakeUp
                0x00103b28      0x210 c:/devkitPro/libctru/lib\libctru.a(apt.o)
 .text.APT_CancelParameter
                0x00103d38       0x70 c:/devkitPro/libctru/lib\libctru.a(apt.o)
                0x00103d38                APT_CancelParameter
 .text.aptInit  0x00103da8      0x270 c:/devkitPro/libctru/lib\libctru.a(apt.o)
                0x00103da8                aptInit
 .text.aptClearParamQueue
                0x00104018       0x88 c:/devkitPro/libctru/lib\libctru.a(apt.o)
 .text.aptMainLoop.part.0
                0x001040a0      0x1e4 c:/devkitPro/libctru/lib\libctru.a(apt.o)
 .text.aptMainLoop
                0x00104284       0x1c c:/devkitPro/libctru/lib\libctru.a(apt.o)
                0x00104284                aptMainLoop
 .text.aptExit  0x001042a0      0x24c c:/devkitPro/libctru/lib\libctru.a(apt.o)
                0x001042a0                aptExit
 .text.APT_CheckNew3DS
                0x001044ec       0x7c c:/devkitPro/libctru/lib\libctru.a(apt.o)
                0x001044ec                APT_CheckNew3DS
 .text.hidExit  0x00104568       0xd0 c:/devkitPro/libctru/lib\libctru.a(hid.o)
                0x00104568                hidExit
 .text.hidScanInput
                0x00104638      0x26c c:/devkitPro/libctru/lib\libctru.a(hid.o)
                0x00104638                hidScanInput
 .text.hidKeysDown
                0x001048a4       0x10 c:/devkitPro/libctru/lib\libctru.a(hid.o)
                0x001048a4                hidKeysDown
 .text.HIDUSER_GetHandles
                0x001048b4       0x90 c:/devkitPro/libctru/lib\libctru.a(hid.o)
                0x001048b4                HIDUSER_GetHandles
 .text.hidInit  0x00104944      0x1a8 c:/devkitPro/libctru/lib\libctru.a(hid.o)
                0x00104944                hidInit
 .text.httpcInit
                0x00104aec      0x19c c:/devkitPro/libctru/lib\libctru.a(httpc.o)
                0x00104aec                httpcInit
 .text.httpcExit
                0x00104c88       0x94 c:/devkitPro/libctru/lib\libctru.a(httpc.o)
                0x00104c88                httpcExit
 .text.httpcOpenContext
                0x00104d1c      0x138 c:/devkitPro/libctru/lib\libctru.a(httpc.o)
                0x00104d1c                httpcOpenContext
 .text.httpcCloseContext
                0x00104e54       0x44 c:/devkitPro/libctru/lib\libctru.a(httpc.o)
                0x00104e54                httpcCloseContext
 .text.httpcAddRequestHeaderField
                0x00104e98       0x80 c:/devkitPro/libctru/lib\libctru.a(httpc.o)
                0x00104e98                httpcAddRequestHeaderField
 .text.httpcBeginRequest
                0x00104f18       0x30 c:/devkitPro/libctru/lib\libctru.a(httpc.o)
                0x00104f18                httpcBeginRequest
 .text.httpcReceiveData
                0x00104f48       0x44 c:/devkitPro/libctru/lib\libctru.a(httpc.o)
                0x00104f48                httpcReceiveData
 .text.httpcDownloadData
                0x00104f8c      0x100 c:/devkitPro/libctru/lib\libctru.a(httpc.o)
                0x00104f8c                httpcDownloadData
 .text.httpcGetDownloadSizeState
                0x0010508c       0x54 c:/devkitPro/libctru/lib\libctru.a(httpc.o)
                0x0010508c                httpcGetDownloadSizeState
 .text.httpcGetResponseHeader
                0x001050e0       0x78 c:/devkitPro/libctru/lib\libctru.a(httpc.o)
                0x001050e0                httpcGetResponseHeader
 .text.httpcGetResponseStatusCode
                0x00105158       0x3c c:/devkitPro/libctru/lib\libctru.a(httpc.o)
                0x00105158                httpcGetResponseStatusCode
 .text.httpcSetSSLOpt
                0x00105194       0x34 c:/devkitPro/libctru/lib\libctru.a(httpc.o)
                0x00105194                httpcSetSSLOpt
 .text.utf8_to_utf16
                0x001051c8       0xc0 c:/devkitPro/libctru/lib\libctru.a(utf8_to_utf16.o)
                0x001051c8                utf8_to_utf16
 .text.__libctru_init
                0x00105288       0x38 c:/devkitPro/libctru/lib\libctru.a(initSystem.o)
                0x00105288                __libctru_init
 .text.__ctru_get_reent
                0x001052c0       0x30 c:/devkitPro/libctru/lib\libctru.a(syscalls.o)
 .text.__system_initSyscalls
                0x001052f0       0xe4 c:/devkitPro/libctru/lib\libctru.a(syscalls.o)
                0x001052f0                __system_initSyscalls
 .text.__system_allocateHeaps
                0x001053d4      0x104 c:/devkitPro/libctru/lib\libctru.a(allocateHeaps.o)
                0x001053d4                __system_allocateHeaps
 .text.__system_initArgv
                0x001054d8       0xec c:/devkitPro/libctru/lib\libctru.a(initArgv.o)
                0x001054d8                __system_initArgv
 .text.svcControlMemory
                0x001055c4       0x20 c:/devkitPro/libctru/lib\libctru.a(svc.o)
                0x001055c4                svcControlMemory
 .text.svcExitProcess
                0x001055e4        0x8 c:/devkitPro/libctru/lib\libctru.a(svc.o)
                0x001055e4                svcExitProcess
 .text.svcCreateThread
                0x001055ec       0x20 c:/devkitPro/libctru/lib\libctru.a(svc.o)
                0x001055ec                svcCreateThread
 .text.svcExitThread
                0x0010560c        0x8 c:/devkitPro/libctru/lib\libctru.a(svc.o)
                0x0010560c                svcExitThread
 .text.svcSleepThread
                0x00105614        0x8 c:/devkitPro/libctru/lib\libctru.a(svc.o)
                0x00105614                svcSleepThread
 .text.svcReleaseMutex
                0x0010561c        0x8 c:/devkitPro/libctru/lib\libctru.a(svc.o)
                0x0010561c                svcReleaseMutex
 .text.svcCreateEvent
                0x00105624       0x14 c:/devkitPro/libctru/lib\libctru.a(svc.o)
                0x00105624                svcCreateEvent
 .text.svcSignalEvent
                0x00105638        0x8 c:/devkitPro/libctru/lib\libctru.a(svc.o)
                0x00105638                svcSignalEvent
 .text.svcClearEvent
                0x00105640        0x8 c:/devkitPro/libctru/lib\libctru.a(svc.o)
                0x00105640                svcClearEvent
 .text.svcCreateMemoryBlock
                0x00105648       0x18 c:/devkitPro/libctru/lib\libctru.a(svc.o)
                0x00105648                svcCreateMemoryBlock
 .text.svcMapMemoryBlock
                0x00105660        0x8 c:/devkitPro/libctru/lib\libctru.a(svc.o)
                0x00105660                svcMapMemoryBlock
 .text.svcUnmapMemoryBlock
                0x00105668        0x8 c:/devkitPro/libctru/lib\libctru.a(svc.o)
                0x00105668                svcUnmapMemoryBlock
 .text.svcCreateAddressArbiter
                0x00105670       0x14 c:/devkitPro/libctru/lib\libctru.a(svc.o)
                0x00105670                svcCreateAddressArbiter
 .text.svcArbitrateAddress
                0x00105684       0x18 c:/devkitPro/libctru/lib\libctru.a(svc.o)
                0x00105684                svcArbitrateAddress
 .text.svcCloseHandle
                0x0010569c        0x8 c:/devkitPro/libctru/lib\libctru.a(svc.o)
                0x0010569c                svcCloseHandle
 .text.svcWaitSynchronization
                0x001056a4        0x8 c:/devkitPro/libctru/lib\libctru.a(svc.o)
                0x001056a4                svcWaitSynchronization
 .text.svcWaitSynchronizationN
                0x001056ac       0x28 c:/devkitPro/libctru/lib\libctru.a(svc.o)
                0x001056ac                svcWaitSynchronizationN
 .text.svcDuplicateHandle
                0x001056d4       0x14 c:/devkitPro/libctru/lib\libctru.a(svc.o)
                0x001056d4                svcDuplicateHandle
 .text.svcGetSystemTick
                0x001056e8        0x8 c:/devkitPro/libctru/lib\libctru.a(svc.o)
                0x001056e8                svcGetSystemTick
 .text.svcGetSystemInfo
                0x001056f0       0x18 c:/devkitPro/libctru/lib\libctru.a(svc.o)
                0x001056f0                svcGetSystemInfo
 .text.svcConnectToPort
                0x00105708       0x14 c:/devkitPro/libctru/lib\libctru.a(svc.o)
                0x00105708                svcConnectToPort
 .text.svcSendSyncRequest
                0x0010571c        0x8 c:/devkitPro/libctru/lib\libctru.a(svc.o)
                0x0010571c                svcSendSyncRequest
 .text.svcBreak
                0x00105724        0x8 c:/devkitPro/libctru/lib\libctru.a(svc.o)
                0x00105724                svcBreak
 .text._ZL21addrMapNodeComparatorPK11rbtree_nodeS1_
                0x0010572c       0x24 c:/devkitPro/libctru/lib\libctru.a(vram.o)
 .text._ZL21addrMapNodeDestructorP11rbtree_node
                0x00105750        0x4 c:/devkitPro/libctru/lib\libctru.a(vram.o)
 .text.vramMemAlign
                0x00105754      0x110 c:/devkitPro/libctru/lib\libctru.a(vram.o)
                0x00105754                vramMemAlign
 .text.vramAlloc
                0x00105864        0x8 c:/devkitPro/libctru/lib\libctru.a(vram.o)
                0x00105864                vramAlloc
 .text.vramFree
                0x0010586c       0x50 c:/devkitPro/libctru/lib\libctru.a(vram.o)
                0x0010586c                vramFree
 .text._ZL21addrMapNodeComparatorPK11rbtree_nodeS1_
                0x001058bc       0x24 c:/devkitPro/libctru/lib\libctru.a(mappable.o)
 .text._ZL21addrMapNodeDestructorP11rbtree_node
                0x001058e0        0x4 c:/devkitPro/libctru/lib\libctru.a(mappable.o)
 .text.mappableAlloc
                0x001058e4       0xe4 c:/devkitPro/libctru/lib\libctru.a(mappable.o)
                0x001058e4                mappableAlloc
 .text.mappableFree
                0x001059c8       0x50 c:/devkitPro/libctru/lib\libctru.a(mappable.o)
                0x001059c8                mappableFree
 .text._ZL21addrMapNodeComparatorPK11rbtree_nodeS1_
                0x00105a18       0x24 c:/devkitPro/libctru/lib\libctru.a(linear.o)
 .text._ZL21addrMapNodeDestructorP11rbtree_node
                0x00105a3c        0x4 c:/devkitPro/libctru/lib\libctru.a(linear.o)
 .text.linearMemAlign
                0x00105a40      0x11c c:/devkitPro/libctru/lib\libctru.a(linear.o)
                0x00105a40                linearMemAlign
 .text.linearAlloc
                0x00105b5c        0x8 c:/devkitPro/libctru/lib\libctru.a(linear.o)
                0x00105b5c                linearAlloc
 .text.linearFree
                0x00105b64       0x50 c:/devkitPro/libctru/lib\libctru.a(linear.o)
                0x00105b64                linearFree
 .text._ZN7MemPool13CoalesceRightEP8MemBlock
                0x00105bb4       0x98 c:/devkitPro/libctru/lib\libctru.a(mem_pool.o)
                0x00105bb4                MemPool::CoalesceRight(MemBlock*)
 .text._ZN7MemPool8AllocateER8MemChunkmi
                0x00105c4c      0x16c c:/devkitPro/libctru/lib\libctru.a(mem_pool.o)
                0x00105c4c                MemPool::Allocate(MemChunk&, unsigned long, int)
 .text._ZN7MemPool10DeallocateERK8MemChunk
                0x00105db8       0xfc c:/devkitPro/libctru/lib\libctru.a(mem_pool.o)
                0x00105db8                MemPool::Deallocate(MemChunk const&)
 .text.LightLock_Unlock.part.1
                0x00105eb4       0x34 c:/devkitPro/libctru/lib\libctru.a(synchronization.o)
 .text.__sync_init
                0x00105ee8        0xc c:/devkitPro/libctru/lib\libctru.a(synchronization.o)
                0x00105ee8                __sync_init
 .text.__sync_fini
                0x00105ef4       0x18 c:/devkitPro/libctru/lib\libctru.a(synchronization.o)
                0x00105ef4                __sync_fini
 .text.__sync_get_arbiter
                0x00105f0c       0x10 c:/devkitPro/libctru/lib\libctru.a(synchronization.o)
                0x00105f0c                __sync_get_arbiter
 .text.LightLock_Init
                0x00105f1c       0x18 c:/devkitPro/libctru/lib\libctru.a(synchronization.o)
                0x00105f1c                LightLock_Init
 .text.LightLock_Lock
                0x00105f34       0x9c c:/devkitPro/libctru/lib\libctru.a(synchronization.o)
                0x00105f34                LightLock_Lock
 .text.LightLock_TryLock
                0x00105fd0       0x34 c:/devkitPro/libctru/lib\libctru.a(synchronization.o)
                0x00105fd0                LightLock_TryLock
 .text.LightLock_Unlock
                0x00106004       0x20 c:/devkitPro/libctru/lib\libctru.a(synchronization.o)
                0x00106004                LightLock_Unlock
 .text.RecursiveLock_Init
                0x00106024       0x24 c:/devkitPro/libctru/lib\libctru.a(synchronization.o)
                0x00106024                RecursiveLock_Init
 .text.RecursiveLock_Lock
                0x00106048       0x30 c:/devkitPro/libctru/lib\libctru.a(synchronization.o)
                0x00106048                RecursiveLock_Lock
 .text.RecursiveLock_TryLock
                0x00106078       0x58 c:/devkitPro/libctru/lib\libctru.a(synchronization.o)
                0x00106078                RecursiveLock_TryLock
 .text.RecursiveLock_Unlock
                0x001060d0       0x38 c:/devkitPro/libctru/lib\libctru.a(synchronization.o)
                0x001060d0                RecursiveLock_Unlock
 .text.LightEvent_Init
                0x00106108       0x38 c:/devkitPro/libctru/lib\libctru.a(synchronization.o)
                0x00106108                LightEvent_Init
 .text.LightEvent_Clear
                0x00106140       0x7c c:/devkitPro/libctru/lib\libctru.a(synchronization.o)
                0x00106140                LightEvent_Clear
 .text.LightEvent_Signal
                0x001061bc       0xdc c:/devkitPro/libctru/lib\libctru.a(synchronization.o)
                0x001061bc                LightEvent_Signal
 .text.LightEvent_Wait
                0x00106298       0xbc c:/devkitPro/libctru/lib\libctru.a(synchronization.o)
                0x00106298                LightEvent_Wait
 .text.getSysTime
                0x00106354       0x58 c:/devkitPro/libctru/lib\libctru.a(os.o)
 .text.__ctru_speedup_config.part.0
                0x001063ac       0x28 c:/devkitPro/libctru/lib\libctru.a(os.o)
 .text.osGetMemRegionUsed
                0x001063d4       0x24 c:/devkitPro/libctru/lib\libctru.a(os.o)
                0x001063d4                osGetMemRegionUsed
 .text.__libctru_gtod
                0x001063f8      0x128 c:/devkitPro/libctru/lib\libctru.a(os.o)
                0x001063f8                __libctru_gtod
 .text.__ctru_speedup_config
                0x00106520       0x18 c:/devkitPro/libctru/lib\libctru.a(os.o)
                0x00106520                __ctru_speedup_config
 .text.srvExit  0x00106538       0x58 c:/devkitPro/libctru/lib\libctru.a(srv.o)
                0x00106538                srvExit
 .text.srvRegisterClient
                0x00106590       0x38 c:/devkitPro/libctru/lib\libctru.a(srv.o)
                0x00106590                srvRegisterClient
 .text.srvInit  0x001065c8       0xc4 c:/devkitPro/libctru/lib\libctru.a(srv.o)
                0x001065c8                srvInit
 .text.srvGetServiceHandleDirect
                0x0010668c       0x6c c:/devkitPro/libctru/lib\libctru.a(srv.o)
                0x0010668c                srvGetServiceHandleDirect
 .text.srvGetServiceHandle
                0x001066f8       0x38 c:/devkitPro/libctru/lib\libctru.a(srv.o)
                0x001066f8                srvGetServiceHandle
 .text.threadFree.part.0
                0x00106730       0x1c c:/devkitPro/libctru/lib\libctru.a(thread.o)
 .text.threadCreate
                0x0010674c      0x1ac c:/devkitPro/libctru/lib\libctru.a(thread.o)
                0x0010674c                threadCreate
 .text.threadJoin
                0x001068f8       0x24 c:/devkitPro/libctru/lib\libctru.a(thread.o)
                0x001068f8                threadJoin
 .text.threadExit
                0x0010691c       0x64 c:/devkitPro/libctru/lib\libctru.a(thread.o)
                0x0010691c                threadExit
 .text._thread_begin
                0x00106980       0x40 c:/devkitPro/libctru/lib\libctru.a(thread.o)
 .text.irrstScanInput
                0x001069c0       0xac c:/devkitPro/libctru/lib\libctru.a(irrst.o)
                0x001069c0                irrstScanInput
 .text.irrstKeysHeld
                0x00106a6c       0x24 c:/devkitPro/libctru/lib\libctru.a(irrst.o)
                0x00106a6c                irrstKeysHeld
 .text.IRRST_GetHandles
                0x00106a90       0x50 c:/devkitPro/libctru/lib\libctru.a(irrst.o)
                0x00106a90                IRRST_GetHandles
 .text.irrstInit
                0x00106ae0      0x158 c:/devkitPro/libctru/lib\libctru.a(irrst.o)
                0x00106ae0                irrstInit
 .text.IRRST_Shutdown
                0x00106c38       0x2c c:/devkitPro/libctru/lib\libctru.a(irrst.o)
                0x00106c38                IRRST_Shutdown
 .text.irrstExit
                0x00106c64       0xac c:/devkitPro/libctru/lib\libctru.a(irrst.o)
                0x00106c64                irrstExit
 .text.srvPmGetSessionHandle
                0x00106d10        0xc c:/devkitPro/libctru/lib\libctru.a(srvpm.o)
                0x00106d10                srvPmGetSessionHandle
 .text.ptmSysmInit
                0x00106d1c       0x74 c:/devkitPro/libctru/lib\libctru.a(ptmsysm.o)
                0x00106d1c                ptmSysmInit
 .text.ptmSysmExit
                0x00106d90       0x3c c:/devkitPro/libctru/lib\libctru.a(ptmsysm.o)
                0x00106d90                ptmSysmExit
 .text.PTMSYSM_ConfigureNew3DSCPU
                0x00106dcc       0x34 c:/devkitPro/libctru/lib\libctru.a(ptmsysm.o)
                0x00106dcc                PTMSYSM_ConfigureNew3DSCPU
 .text.rbtree_init
                0x00106e00       0x14 c:/devkitPro/libctru/lib\libctru.a(rbtree_init.o)
                0x00106e00                rbtree_init
 .text.do_insert
                0x00106e14      0x18c c:/devkitPro/libctru/lib\libctru.a(rbtree_insert.o)
 .text.rbtree_insert
                0x00106fa0        0x8 c:/devkitPro/libctru/lib\libctru.a(rbtree_insert.o)
                0x00106fa0                rbtree_insert
 .text.rbtree_rotate
                0x00106fa8       0x94 c:/devkitPro/libctru/lib\libctru.a(rbtree_rotate.o)
                0x00106fa8                rbtree_rotate
 .text.rbtree_remove
                0x0010703c      0x32c c:/devkitPro/libctru/lib\libctru.a(rbtree_remove.o)
                0x0010703c                rbtree_remove
 .text.rbtree_find
                0x00107368       0x6c c:/devkitPro/libctru/lib\libctru.a(rbtree_find.o)
                0x00107368                rbtree_find
 .text.encode_utf16
                0x001073d4       0x68 c:/devkitPro/libctru/lib\libctru.a(encode_utf16.o)
                0x001073d4                encode_utf16
 .text.decode_utf8
                0x0010743c      0x138 c:/devkitPro/libctru/lib\libctru.a(decode_utf8.o)
                0x0010743c                decode_utf8
 .text.__appInit
                0x00107574       0x1c c:/devkitPro/libctru/lib\libctru.a(appInit.o)
                0x00107574                __appInit
 .text.__appExit
                0x00107590       0x1c c:/devkitPro/libctru/lib\libctru.a(appExit.o)
                0x00107590                __appExit
 .text.__libctru_exit
                0x001075ac       0xa4 c:/devkitPro/libctru/lib\libctru.a(ctru_exit.o)
                0x001075ac                __libctru_exit
 .text.envGetHandle
                0x00107650       0x84 c:/devkitPro/libctru/lib\libctru.a(env.o)
                0x00107650                envGetHandle
 .text.envDestroyHandles
                0x001076d4       0x4c c:/devkitPro/libctru/lib\libctru.a(env.o)
                0x001076d4                envDestroyHandles
 .text.sdmc_link
                0x00107720       0x10 c:/devkitPro/libctru/lib\libctru.a(sdmc_dev.o)
 .text.sdmc_dirreset
                0x00107730       0x10 c:/devkitPro/libctru/lib\libctru.a(sdmc_dev.o)
 .text.sdmc_chmod
                0x00107740       0x10 c:/devkitPro/libctru/lib\libctru.a(sdmc_dev.o)
 .text.error_cmp
                0x00107750       0x24 c:/devkitPro/libctru/lib\libctru.a(sdmc_dev.o)
 .text.sdmc_translate_error
                0x00107774       0x50 c:/devkitPro/libctru/lib\libctru.a(sdmc_dev.o)
 .text.sdmc_fsync
                0x001077c4       0x34 c:/devkitPro/libctru/lib\libctru.a(sdmc_dev.o)
 .text.sdmc_ftruncate
                0x001077f8       0x54 c:/devkitPro/libctru/lib\libctru.a(sdmc_dev.o)
 .text.sdmc_statvfs
                0x0010784c       0xb8 c:/devkitPro/libctru/lib\libctru.a(sdmc_dev.o)
 .text.sdmc_dirclose
                0x00107904       0x38 c:/devkitPro/libctru/lib\libctru.a(sdmc_dev.o)
 .text.sdmc_dirnext
                0x0010793c      0x138 c:/devkitPro/libctru/lib\libctru.a(sdmc_dev.o)
 .text.sdmc_close
                0x00107a74       0x34 c:/devkitPro/libctru/lib\libctru.a(sdmc_dev.o)
 .text.sdmc_fstat
                0x00107aa8       0x74 c:/devkitPro/libctru/lib\libctru.a(sdmc_dev.o)
 .text.sdmc_seek
                0x00107b1c       0xd0 c:/devkitPro/libctru/lib\libctru.a(sdmc_dev.o)
 .text.sdmc_read
                0x00107bec       0x84 c:/devkitPro/libctru/lib\libctru.a(sdmc_dev.o)
 .text.sdmc_write
                0x00107c70       0xc0 c:/devkitPro/libctru/lib\libctru.a(sdmc_dev.o)
 .text.sdmc_utf16path
                0x00107d30      0x1a8 c:/devkitPro/libctru/lib\libctru.a(sdmc_dev.o)
 .text.sdmc_rmdir
                0x00107ed8       0x74 c:/devkitPro/libctru/lib\libctru.a(sdmc_dev.o)
 .text.sdmc_diropen
                0x00107f4c       0xa0 c:/devkitPro/libctru/lib\libctru.a(sdmc_dev.o)
 .text.sdmc_chdir
                0x00107fec       0xa0 c:/devkitPro/libctru/lib\libctru.a(sdmc_dev.o)
 .text.sdmc_mkdir
                0x0010808c       0x98 c:/devkitPro/libctru/lib\libctru.a(sdmc_dev.o)
 .text.sdmc_rename
                0x00108124      0x108 c:/devkitPro/libctru/lib\libctru.a(sdmc_dev.o)
 .text.sdmc_unlink
                0x0010822c       0x74 c:/devkitPro/libctru/lib\libctru.a(sdmc_dev.o)
 .text.sdmc_stat
                0x001082a0      0x108 c:/devkitPro/libctru/lib\libctru.a(sdmc_dev.o)
 .text.sdmc_open
                0x001083a8      0x198 c:/devkitPro/libctru/lib\libctru.a(sdmc_dev.o)
 .text.sdmc_fchmod
                0x00108540       0x10 c:/devkitPro/libctru/lib\libctru.a(sdmc_dev.o)
 .text.sdmcInit
                0x00108550      0x168 c:/devkitPro/libctru/lib\libctru.a(sdmc_dev.o)
                0x00108550                sdmcInit
 .text.sdmcExit
                0x001086b8       0x60 c:/devkitPro/libctru/lib\libctru.a(sdmc_dev.o)
                0x001086b8                sdmcExit
 .text.fsSessionForArchive.part.0
                0x00108718       0x28 c:/devkitPro/libctru/lib\libctru.a(fs.o)
 .text.fsInit   0x00108740       0xd0 c:/devkitPro/libctru/lib\libctru.a(fs.o)
                0x00108740                fsInit
 .text.fsExit   0x00108810       0x3c c:/devkitPro/libctru/lib\libctru.a(fs.o)
                0x00108810                fsExit
 .text.fsExemptFromSession
                0x0010884c       0x74 c:/devkitPro/libctru/lib\libctru.a(fs.o)
                0x0010884c                fsExemptFromSession
 .text.fsUnexemptFromSession
                0x001088c0       0x50 c:/devkitPro/libctru/lib\libctru.a(fs.o)
                0x001088c0                fsUnexemptFromSession
 .text.FSUSER_OpenFile
                0x00108910       0xc0 c:/devkitPro/libctru/lib\libctru.a(fs.o)
                0x00108910                FSUSER_OpenFile
 .text.FSUSER_DeleteFile
                0x001089d0       0xa8 c:/devkitPro/libctru/lib\libctru.a(fs.o)
                0x001089d0                FSUSER_DeleteFile
 .text.FSUSER_RenameFile
                0x00108a78       0xe0 c:/devkitPro/libctru/lib\libctru.a(fs.o)
                0x00108a78                FSUSER_RenameFile
 .text.FSUSER_DeleteDirectory
                0x00108b58       0xa8 c:/devkitPro/libctru/lib\libctru.a(fs.o)
                0x00108b58                FSUSER_DeleteDirectory
 .text.FSUSER_CreateFile
                0x00108c00       0xc0 c:/devkitPro/libctru/lib\libctru.a(fs.o)
                0x00108c00                FSUSER_CreateFile
 .text.FSUSER_CreateDirectory
                0x00108cc0       0xb0 c:/devkitPro/libctru/lib\libctru.a(fs.o)
                0x00108cc0                FSUSER_CreateDirectory
 .text.FSUSER_RenameDirectory
                0x00108d70       0xe0 c:/devkitPro/libctru/lib\libctru.a(fs.o)
                0x00108d70                FSUSER_RenameDirectory
 .text.FSUSER_OpenDirectory
                0x00108e50       0xa4 c:/devkitPro/libctru/lib\libctru.a(fs.o)
                0x00108e50                FSUSER_OpenDirectory
 .text.FSUSER_OpenArchive
                0x00108ef4       0x98 c:/devkitPro/libctru/lib\libctru.a(fs.o)
                0x00108ef4                FSUSER_OpenArchive
 .text.FSUSER_CloseArchive
                0x00108f8c       0x74 c:/devkitPro/libctru/lib\libctru.a(fs.o)
                0x00108f8c                FSUSER_CloseArchive
 .text.FSUSER_GetSdmcArchiveResource
                0x00109000       0x78 c:/devkitPro/libctru/lib\libctru.a(fs.o)
                0x00109000                FSUSER_GetSdmcArchiveResource
 .text.FSUSER_IsSdmcWritable
                0x00109078       0x64 c:/devkitPro/libctru/lib\libctru.a(fs.o)
                0x00109078                FSUSER_IsSdmcWritable
 .text.FSFILE_Read
                0x001090dc       0x58 c:/devkitPro/libctru/lib\libctru.a(fs.o)
                0x001090dc                FSFILE_Read
 .text.FSFILE_Write
                0x00109134       0x64 c:/devkitPro/libctru/lib\libctru.a(fs.o)
                0x00109134                FSFILE_Write
 .text.FSFILE_GetSize
                0x00109198       0x38 c:/devkitPro/libctru/lib\libctru.a(fs.o)
                0x00109198                FSFILE_GetSize
 .text.FSFILE_SetSize
                0x001091d0       0x28 c:/devkitPro/libctru/lib\libctru.a(fs.o)
                0x001091d0                FSFILE_SetSize
 .text.FSFILE_Close
                0x001091f8       0x3c c:/devkitPro/libctru/lib\libctru.a(fs.o)
                0x001091f8                FSFILE_Close
 .text.FSFILE_Flush
                0x00109234       0x24 c:/devkitPro/libctru/lib\libctru.a(fs.o)
                0x00109234                FSFILE_Flush
 .text.FSDIR_Read
                0x00109258       0x54 c:/devkitPro/libctru/lib\libctru.a(fs.o)
                0x00109258                FSDIR_Read
 .text.FSDIR_Close
                0x001092ac       0x3c c:/devkitPro/libctru/lib\libctru.a(fs.o)
                0x001092ac                FSDIR_Close
 .text.rbtree_node_next
                0x001092e8       0x74 c:/devkitPro/libctru/lib\libctru.a(rbtree_iterator.o)
                0x001092e8                rbtree_node_next
 .text.utf16_to_utf8
                0x0010935c       0xe8 c:/devkitPro/libctru/lib\libctru.a(utf16_to_utf8.o)
                0x0010935c                utf16_to_utf8
 .text.decode_utf16
                0x00109444       0x60 c:/devkitPro/libctru/lib\libctru.a(decode_utf16.o)
                0x00109444                decode_utf16
 .text.__aeabi_read_tp
                0x001094a4        0xc c:/devkitPro/libctru/lib\libctru.a(readtp.o)
                0x001094a4                __aeabi_read_tp
 .text.encode_utf8
                0x001094b0      0x104 c:/devkitPro/libctru/lib\libctru.a(encode_utf8.o)
                0x001094b0                encode_utf8
 .text.__udivmoddi4
                0x001095b4      0x158 c:/devkitpro/devkitarm/bin/../lib/gcc/arm-none-eabi/7.1.0/armv6k/fpu\libgcc.a(_udivmoddi4.o)
                0x001095b4                __udivmoddi4
 .text.bsearch  0x0010970c       0x74 c:/devkitpro/devkitarm/bin/../lib/gcc/arm-none-eabi/7.1.0/../../../../arm-none-eabi/lib/armv6k/fpu\libg.a(lib_a-bsearch.o)
                0x0010970c                bsearch
 .text.__errno  0x00109780        0xc c:/devkitpro/devkitarm/bin/../lib/gcc/arm-none-eabi/7.1.0/../../../../arm-none-eabi/lib/armv6k/fpu\libg.a(lib_a-errno.o)
                0x00109780                __errno
 .text._fclose_r
                0x0010978c      0x164 c:/devkitpro/devkitarm/bin/../lib/gcc/arm-none-eabi/7.1.0/../../../../arm-none-eabi/lib/armv6k/fpu\libg.a(lib_a-fclose.o)
                0x0010978c                _fclose_r
 .text.fclose   0x001098f0       0x18 c:/devkitpro/devkitarm/bin/../lib/gcc/arm-none-eabi/7.1.0/../../../../arm-none-eabi/lib/armv6k/fpu\libg.a(lib_a-fclose.o)
                0x001098f0                fclose
 .text.__sflush_r
                0x00109908      0x26c c:/devkitpro/devkitarm/bin/../lib/gcc/arm-none-eabi/7.1.0/../../../../arm-none-eabi/lib/armv6k/fpu\libg.a(lib_a-fflush.o)
                0x00109908                __sflush_r
 .text._fflush_r
                0x00109b74       0x94 c:/devkitpro/devkitarm/bin/../lib/gcc/arm-none-eabi/7.1.0/../../../../arm-none-eabi/lib/armv6k/fpu\libg.a(lib_a-fflush.o)
                0x00109b74                _fflush_r
 .text.fflush   0x00109c08       0x38 c:/devkitpro/devkitarm/bin/../lib/gcc/arm-none-eabi/7.1.0/../../../../arm-none-eabi/lib/armv6k/fpu\libg.a(lib_a-fflush.o)
                0x00109c08                fflush
 .text._cleanup_r
                0x00109c40        0xc c:/devkitpro/devkitarm/bin/../lib/gcc/arm-none-eabi/7.1.0/../../../../arm-none-eabi/lib/armv6k/fpu\libg.a(lib_a-findfp.o)
                0x00109c40                _cleanup_r
 .text.std.isra.0
                0x00109c4c       0x78 c:/devkitpro/devkitarm/bin/../lib/gcc/arm-none-eabi/7.1.0/../../../../arm-none-eabi/lib/armv6k/fpu\libg.a(lib_a-findfp.o)
 .text.__sfmoreglue
                0x00109cc4       0x48 c:/devkitpro/devkitarm/bin/../lib/gcc/arm-none-eabi/7.1.0/../../../../arm-none-eabi/lib/armv6k/fpu\libg.a(lib_a-findfp.o)
                0x00109cc4                __sfmoreglue
 .text.__sinit  0x00109d0c       0x8c c:/devkitpro/devkitarm/bin/../lib/gcc/arm-none-eabi/7.1.0/../../../../arm-none-eabi/lib/armv6k/fpu\libg.a(lib_a-findfp.o)
                0x00109d0c                __sinit
 .text.__sfp    0x00109d98      0x110 c:/devkitpro/devkitarm/bin/../lib/gcc/arm-none-eabi/7.1.0/../../../../arm-none-eabi/lib/armv6k/fpu\libg.a(lib_a-findfp.o)
                0x00109d98                __sfp
 .text.__sfp_lock_acquire
                0x00109ea8        0xc c:/devkitpro/devkitarm/bin/../lib/gcc/arm-none-eabi/7.1.0/../../../../arm-none-eabi/lib/armv6k/fpu\libg.a(lib_a-findfp.o)
                0x00109ea8                __sfp_lock_acquire
 .text.__sfp_lock_release
                0x00109eb4        0xc c:/devkitpro/devkitarm/bin/../lib/gcc/arm-none-eabi/7.1.0/../../../../arm-none-eabi/lib/armv6k/fpu\libg.a(lib_a-findfp.o)
                0x00109eb4                __sfp_lock_release
 .text.__libc_fini_array
                0x00109ec0       0x40 c:/devkitpro/devkitarm/bin/../lib/gcc/arm-none-eabi/7.1.0/../../../../arm-none-eabi/lib/armv6k/fpu\libg.a(lib_a-fini.o)
                0x00109ec0                __libc_fini_array
 .text._fopen_r
                0x00109f00      0x140 c:/devkitpro/devkitarm/bin/../lib/gcc/arm-none-eabi/7.1.0/../../../../arm-none-eabi/lib/armv6k/fpu\libg.a(lib_a-fopen.o)
                0x00109f00                _fopen_r
 .text.fopen    0x0010a040       0x20 c:/devkitpro/devkitarm/bin/../lib/gcc/arm-none-eabi/7.1.0/../../../../arm-none-eabi/lib/armv6k/fpu\libg.a(lib_a-fopen.o)
                0x0010a040                fopen
 .text._malloc_trim_r
                0x0010a060       0xf8 c:/devkitpro/devkitarm/bin/../lib/gcc/arm-none-eabi/7.1.0/../../../../arm-none-eabi/lib/armv6k/fpu\libg.a(lib_a-freer.o)
                0x0010a060                _malloc_trim_r
 .text._free_r  0x0010a158      0x2e4 c:/devkitpro/devkitarm/bin/../lib/gcc/arm-none-eabi/7.1.0/../../../../arm-none-eabi/lib/armv6k/fpu\libg.a(lib_a-freer.o)
                0x0010a158                _free_r
 .text._fseek_r
                0x0010a43c        0x4 c:/devkitpro/devkitarm/bin/../lib/gcc/arm-none-eabi/7.1.0/../../../../arm-none-eabi/lib/armv6k/fpu\libg.a(lib_a-fseek.o)
                0x0010a43c                _fseek_r
 .text._fseeko_r
                0x0010a440      0x5d0 c:/devkitpro/devkitarm/bin/../lib/gcc/arm-none-eabi/7.1.0/../../../../arm-none-eabi/lib/armv6k/fpu\libg.a(lib_a-fseeko.o)
                0x0010a440                _fseeko_r
 .text._fwalk   0x0010aa10       0x70 c:/devkitpro/devkitarm/bin/../lib/gcc/arm-none-eabi/7.1.0/../../../../arm-none-eabi/lib/armv6k/fpu\libg.a(lib_a-fwalk.o)
                0x0010aa10                _fwalk
 .text._fwalk_reent
                0x0010aa80       0x78 c:/devkitpro/devkitarm/bin/../lib/gcc/arm-none-eabi/7.1.0/../../../../arm-none-eabi/lib/armv6k/fpu\libg.a(lib_a-fwalk.o)
                0x0010aa80                _fwalk_reent
 .text._fwrite_r
                0x0010aaf8       0xf8 c:/devkitpro/devkitarm/bin/../lib/gcc/arm-none-eabi/7.1.0/../../../../arm-none-eabi/lib/armv6k/fpu\libg.a(lib_a-fwrite.o)
                0x0010aaf8                _fwrite_r
 .text.fwrite   0x0010abf0       0x38 c:/devkitpro/devkitarm/bin/../lib/gcc/arm-none-eabi/7.1.0/../../../../arm-none-eabi/lib/armv6k/fpu\libg.a(lib_a-fwrite.o)
                0x0010abf0                fwrite
 .text.__libc_init_array
                0x0010ac28       0x7c c:/devkitpro/devkitarm/bin/../lib/gcc/arm-none-eabi/7.1.0/../../../../arm-none-eabi/lib/armv6k/fpu\libg.a(lib_a-init.o)
                0x0010ac28                __libc_init_array
 .text.__swhatbuf_r
                0x0010aca4       0x94 c:/devkitpro/devkitarm/bin/../lib/gcc/arm-none-eabi/7.1.0/../../../../arm-none-eabi/lib/armv6k/fpu\libg.a(lib_a-makebuf.o)
                0x0010aca4                __swhatbuf_r
 .text.__smakebuf_r
                0x0010ad38       0xf4 c:/devkitpro/devkitarm/bin/../lib/gcc/arm-none-eabi/7.1.0/../../../../arm-none-eabi/lib/armv6k/fpu\libg.a(lib_a-makebuf.o)
                0x0010ad38                __smakebuf_r
 .text.memalign
                0x0010ae2c       0x20 c:/devkitpro/devkitarm/bin/../lib/gcc/arm-none-eabi/7.1.0/../../../../arm-none-eabi/lib/armv6k/fpu\libg.a(lib_a-malign.o)
                0x0010ae2c                memalign
 .text._memalign_r
                0x0010ae4c      0x158 c:/devkitpro/devkitarm/bin/../lib/gcc/arm-none-eabi/7.1.0/../../../../arm-none-eabi/lib/armv6k/fpu\libg.a(lib_a-malignr.o)
                0x0010ae4c                _memalign_r
 .text.malloc   0x0010afa4       0x18 c:/devkitpro/devkitarm/bin/../lib/gcc/arm-none-eabi/7.1.0/../../../../arm-none-eabi/lib/armv6k/fpu\libg.a(lib_a-malloc.o)
                0x0010afa4                malloc
 .text.free     0x0010afbc       0x18 c:/devkitpro/devkitarm/bin/../lib/gcc/arm-none-eabi/7.1.0/../../../../arm-none-eabi/lib/armv6k/fpu\libg.a(lib_a-malloc.o)
                0x0010afbc                free
 .text._malloc_r
                0x0010afd4      0x7a8 c:/devkitpro/devkitarm/bin/../lib/gcc/arm-none-eabi/7.1.0/../../../../arm-none-eabi/lib/armv6k/fpu\libg.a(lib_a-mallocr.o)
                0x0010afd4                _malloc_r
 .text.memchr   0x0010b77c      0x100 c:/devkitpro/devkitarm/bin/../lib/gcc/arm-none-eabi/7.1.0/../../../../arm-none-eabi/lib/armv6k/fpu\libg.a(lib_a-memchr-stub.o)
                0x0010b77c                memchr
 .text.memcpy   0x0010b87c      0x10c c:/devkitpro/devkitarm/bin/../lib/gcc/arm-none-eabi/7.1.0/../../../../arm-none-eabi/lib/armv6k/fpu\libg.a(lib_a-memcpy-stub.o)
                0x0010b87c                memcpy
 .text.memset   0x0010b988      0x110 c:/devkitpro/devkitarm/bin/../lib/gcc/arm-none-eabi/7.1.0/../../../../arm-none-eabi/lib/armv6k/fpu\libg.a(lib_a-memset.o)
                0x0010b988                memset
 .text.__malloc_lock
                0x0010ba98        0xc c:/devkitpro/devkitarm/bin/../lib/gcc/arm-none-eabi/7.1.0/../../../../arm-none-eabi/lib/armv6k/fpu\libg.a(lib_a-mlock.o)
                0x0010ba98                __malloc_lock
 .text.__malloc_unlock
                0x0010baa4        0xc c:/devkitpro/devkitarm/bin/../lib/gcc/arm-none-eabi/7.1.0/../../../../arm-none-eabi/lib/armv6k/fpu\libg.a(lib_a-mlock.o)
                0x0010baa4                __malloc_unlock
 .text.printf   0x0010bab0       0x38 c:/devkitpro/devkitarm/bin/../lib/gcc/arm-none-eabi/7.1.0/../../../../arm-none-eabi/lib/armv6k/fpu\libg.a(lib_a-printf.o)
                0x0010bab0                printf
 .text.putchar  0x0010bae8       0x1c c:/devkitpro/devkitarm/bin/../lib/gcc/arm-none-eabi/7.1.0/../../../../arm-none-eabi/lib/armv6k/fpu\libg.a(lib_a-putchar.o)
                0x0010bae8                putchar
 .text._putc_r  0x0010bb04       0xd4 c:/devkitpro/devkitarm/bin/../lib/gcc/arm-none-eabi/7.1.0/../../../../arm-none-eabi/lib/armv6k/fpu\libg.a(lib_a-putc.o)
                0x0010bb04                _putc_r
 .text._puts_r  0x0010bbd8       0xe0 c:/devkitpro/devkitarm/bin/../lib/gcc/arm-none-eabi/7.1.0/../../../../arm-none-eabi/lib/armv6k/fpu\libg.a(lib_a-puts.o)
                0x0010bbd8                _puts_r
 .text.puts     0x0010bcb8       0x18 c:/devkitpro/devkitarm/bin/../lib/gcc/arm-none-eabi/7.1.0/../../../../arm-none-eabi/lib/armv6k/fpu\libg.a(lib_a-puts.o)
                0x0010bcb8                puts
 .text.realloc  0x0010bcd0       0x20 c:/devkitpro/devkitarm/bin/../lib/gcc/arm-none-eabi/7.1.0/../../../../arm-none-eabi/lib/armv6k/fpu\libg.a(lib_a-realloc.o)
                0x0010bcd0                realloc
 .text._realloc_r
                0x0010bcf0      0x4d0 c:/devkitpro/devkitarm/bin/../lib/gcc/arm-none-eabi/7.1.0/../../../../arm-none-eabi/lib/armv6k/fpu\libg.a(lib_a-reallocr.o)
                0x0010bcf0                _realloc_r
 .text.lflush   0x0010c1c0       0x1c c:/devkitpro/devkitarm/bin/../lib/gcc/arm-none-eabi/7.1.0/../../../../arm-none-eabi/lib/armv6k/fpu\libg.a(lib_a-refill.o)
 .text.__srefill_r
                0x0010c1dc      0x1ac c:/devkitpro/devkitarm/bin/../lib/gcc/arm-none-eabi/7.1.0/../../../../arm-none-eabi/lib/armv6k/fpu\libg.a(lib_a-refill.o)
                0x0010c1dc                __srefill_r
 .text.remove   0x0010c388       0x28 c:/devkitpro/devkitarm/bin/../lib/gcc/arm-none-eabi/7.1.0/../../../../arm-none-eabi/lib/armv6k/fpu\libg.a(lib_a-remove.o)
                0x0010c388                remove
 .text.setvbuf  0x0010c3b0      0x264 c:/devkitpro/devkitarm/bin/../lib/gcc/arm-none-eabi/7.1.0/../../../../arm-none-eabi/lib/armv6k/fpu\libg.a(lib_a-setvbuf.o)
                0x0010c3b0                setvbuf
 .text.sscanf   0x0010c614       0x74 c:/devkitpro/devkitarm/bin/../lib/gcc/arm-none-eabi/7.1.0/../../../../arm-none-eabi/lib/armv6k/fpu\libg.a(lib_a-sscanf.o)
                0x0010c614                sscanf
 .text.__sread  0x0010c688       0x3c c:/devkitpro/devkitarm/bin/../lib/gcc/arm-none-eabi/7.1.0/../../../../arm-none-eabi/lib/armv6k/fpu\libg.a(lib_a-stdio.o)
                0x0010c688                __sread
 .text.__seofread
                0x0010c6c4        0x8 c:/devkitpro/devkitarm/bin/../lib/gcc/arm-none-eabi/7.1.0/../../../../arm-none-eabi/lib/armv6k/fpu\libg.a(lib_a-stdio.o)
                0x0010c6c4                __seofread
 .text.__swrite
                0x0010c6cc       0x64 c:/devkitpro/devkitarm/bin/../lib/gcc/arm-none-eabi/7.1.0/../../../../arm-none-eabi/lib/armv6k/fpu\libg.a(lib_a-stdio.o)
                0x0010c6cc                __swrite
 .text.__sseek  0x0010c730       0x4c c:/devkitpro/devkitarm/bin/../lib/gcc/arm-none-eabi/7.1.0/../../../../arm-none-eabi/lib/armv6k/fpu\libg.a(lib_a-stdio.o)
                0x0010c730                __sseek
 .text.__sclose
                0x0010c77c        0x8 c:/devkitpro/devkitarm/bin/../lib/gcc/arm-none-eabi/7.1.0/../../../../arm-none-eabi/lib/armv6k/fpu\libg.a(lib_a-stdio.o)
                0x0010c77c                __sclose
 .text.strlen   0x0010c784       0x5c c:/devkitpro/devkitarm/bin/../lib/gcc/arm-none-eabi/7.1.0/../../../../arm-none-eabi/lib/armv6k/fpu\libg.a(lib_a-strlen-stub.o)
                0x0010c784                strlen
 .text.strncat  0x0010c7e0       0x98 c:/devkitpro/devkitarm/bin/../lib/gcc/arm-none-eabi/7.1.0/../../../../arm-none-eabi/lib/armv6k/fpu\libg.a(lib_a-strncat.o)
                0x0010c7e0                strncat
 .text.strncpy  0x0010c878       0xd8 c:/devkitpro/devkitarm/bin/../lib/gcc/arm-none-eabi/7.1.0/../../../../arm-none-eabi/lib/armv6k/fpu\libg.a(lib_a-strncpy.o)
                0x0010c878                strncpy
 .text.strnlen  0x0010c950       0x5c c:/devkitpro/devkitarm/bin/../lib/gcc/arm-none-eabi/7.1.0/../../../../arm-none-eabi/lib/armv6k/fpu\libg.a(lib_a-strnlen.o)
                0x0010c950                strnlen
 .text.__ssvfscanf_r
                0x0010c9ac     0x27c8 c:/devkitpro/devkitarm/bin/../lib/gcc/arm-none-eabi/7.1.0/../../../../arm-none-eabi/lib/armv6k/fpu\libg.a(lib_a-svfscanf.o)
                0x0010c9ac                __ssvfscanf_r
 .text.stat     0x0010f174       0x20 c:/devkitpro/devkitarm/bin/../lib/gcc/arm-none-eabi/7.1.0/../../../../arm-none-eabi/lib/armv6k/fpu\libg.a(lib_a-sysstat.o)
                0x0010f174                stat
 .text.__sprint_r.part.0
                0x0010f194       0x1c c:/devkitpro/devkitarm/bin/../lib/gcc/arm-none-eabi/7.1.0/../../../../arm-none-eabi/lib/armv6k/fpu\libg.a(lib_a-vfiprintf.o)
 .text.__sprint_r
                0x0010f1b0       0x1c c:/devkitpro/devkitarm/bin/../lib/gcc/arm-none-eabi/7.1.0/../../../../arm-none-eabi/lib/armv6k/fpu\libg.a(lib_a-vfiprintf.o)
                0x0010f1b0                __sprint_r
 .text.get_arg  0x0010f1cc     0x74a0 c:/devkitpro/devkitarm/bin/../lib/gcc/arm-none-eabi/7.1.0/../../../../arm-none-eabi/lib/armv6k/fpu\libg.a(lib_a-vfprintf.o)
 *fill*         0x0011666c        0x4 
 .text._vfprintf_r
                0x00116670     0x3fd8 c:/devkitpro/devkitarm/bin/../lib/gcc/arm-none-eabi/7.1.0/../../../../arm-none-eabi/lib/armv6k/fpu\libg.a(lib_a-vfprintf.o)
                0x00116670                _vfprintf_r
 .text.__sbprintf
                0x0011a648       0xd0 c:/devkitpro/devkitarm/bin/../lib/gcc/arm-none-eabi/7.1.0/../../../../arm-none-eabi/lib/armv6k/fpu\libg.a(lib_a-vfprintf.o)
 .text.__swbuf_r
                0x0011a718      0x108 c:/devkitpro/devkitarm/bin/../lib/gcc/arm-none-eabi/7.1.0/../../../../arm-none-eabi/lib/armv6k/fpu\libg.a(lib_a-wbuf.o)
                0x0011a718                __swbuf_r
 .text._wcrtomb_r
                0x0011a820       0xa0 c:/devkitpro/devkitarm/bin/../lib/gcc/arm-none-eabi/7.1.0/../../../../arm-none-eabi/lib/armv6k/fpu\libg.a(lib_a-wcrtomb.o)
                0x0011a820                _wcrtomb_r
 .text._wcsrtombs_r
                0x0011a8c0       0x20 c:/devkitpro/devkitarm/bin/../lib/gcc/arm-none-eabi/7.1.0/../../../../arm-none-eabi/lib/armv6k/fpu\libg.a(lib_a-wcsrtombs.o)
                0x0011a8c0                _wcsrtombs_r
 .text.__swsetup_r
                0x0011a8e0      0x148 c:/devkitpro/devkitarm/bin/../lib/gcc/arm-none-eabi/7.1.0/../../../../arm-none-eabi/lib/armv6k/fpu\libg.a(lib_a-wsetup.o)
                0x0011a8e0                __swsetup_r
 .text.quorem   0x0011aa28      0x1bc c:/devkitpro/devkitarm/bin/../lib/gcc/arm-none-eabi/7.1.0/../../../../arm-none-eabi/lib/armv6k/fpu\libg.a(lib_a-dtoa.o)
 *fill*         0x0011abe4        0x4 
 .text._dtoa_r  0x0011abe8     0x1224 c:/devkitpro/devkitarm/bin/../lib/gcc/arm-none-eabi/7.1.0/../../../../arm-none-eabi/lib/armv6k/fpu\libg.a(lib_a-dtoa.o)
                0x0011abe8                _dtoa_r
 .text.__sflags
                0x0011be0c       0xb0 c:/devkitpro/devkitarm/bin/../lib/gcc/arm-none-eabi/7.1.0/../../../../arm-none-eabi/lib/armv6k/fpu\libg.a(lib_a-flags.o)
                0x0011be0c                __sflags
 .text.__sfvwrite_r
                0x0011bebc      0x498 c:/devkitpro/devkitarm/bin/../lib/gcc/arm-none-eabi/7.1.0/../../../../arm-none-eabi/lib/armv6k/fpu\libg.a(lib_a-fvwrite.o)
                0x0011bebc                __sfvwrite_r
 .text.iswspace
                0x0011c354       0x74 c:/devkitpro/devkitarm/bin/../lib/gcc/arm-none-eabi/7.1.0/../../../../arm-none-eabi/lib/armv6k/fpu\libg.a(lib_a-iswspace.o)
                0x0011c354                iswspace
 .text.__jp2uc  0x0011c3c8      0x1e0 c:/devkitpro/devkitarm/bin/../lib/gcc/arm-none-eabi/7.1.0/../../../../arm-none-eabi/lib/armv6k/fpu\libg.a(lib_a-jp2uc.o)
 .text._jp2uc   0x0011c5a8       0xc4 c:/devkitpro/devkitarm/bin/../lib/gcc/arm-none-eabi/7.1.0/../../../../arm-none-eabi/lib/armv6k/fpu\libg.a(lib_a-jp2uc.o)
                0x0011c5a8                _jp2uc
 .text.__localeconv_l
                0x0011c66c        0x8 c:/devkitpro/devkitarm/bin/../lib/gcc/arm-none-eabi/7.1.0/../../../../arm-none-eabi/lib/armv6k/fpu\libg.a(lib_a-localeconv.o)
                0x0011c66c                __localeconv_l
 .text._localeconv_r
                0x0011c674       0x24 c:/devkitpro/devkitarm/bin/../lib/gcc/arm-none-eabi/7.1.0/../../../../arm-none-eabi/lib/armv6k/fpu\libg.a(lib_a-localeconv.o)
                0x0011c674                _localeconv_r
 .text.__locale_mb_cur_max
                0x0011c698       0x24 c:/devkitpro/devkitarm/bin/../lib/gcc/arm-none-eabi/7.1.0/../../../../arm-none-eabi/lib/armv6k/fpu\libg.a(lib_a-locale.o)
                0x0011c698                __locale_mb_cur_max
 .text.__locale_ctype_ptr_l
                0x0011c6bc        0x8 c:/devkitpro/devkitarm/bin/../lib/gcc/arm-none-eabi/7.1.0/../../../../arm-none-eabi/lib/armv6k/fpu\libg.a(lib_a-locale.o)
                0x0011c6bc                __locale_ctype_ptr_l
 .text.__locale_ctype_ptr
                0x0011c6c4       0x24 c:/devkitpro/devkitarm/bin/../lib/gcc/arm-none-eabi/7.1.0/../../../../arm-none-eabi/lib/armv6k/fpu\libg.a(lib_a-locale.o)
                0x0011c6c4                __locale_ctype_ptr
 .text._mbrtowc_r
                0x0011c6e8       0xb4 c:/devkitpro/devkitarm/bin/../lib/gcc/arm-none-eabi/7.1.0/../../../../arm-none-eabi/lib/armv6k/fpu\libg.a(lib_a-mbrtowc.o)
                0x0011c6e8                _mbrtowc_r
 .text.__utf8_mbtowc
                0x0011c79c      0x2fc c:/devkitpro/devkitarm/bin/../lib/gcc/arm-none-eabi/7.1.0/../../../../arm-none-eabi/lib/armv6k/fpu\libg.a(lib_a-mbtowc_r.o)
                0x0011c79c                __utf8_mbtowc
 .text.memmove  0x0011ca98      0x13c c:/devkitpro/devkitarm/bin/../lib/gcc/arm-none-eabi/7.1.0/../../../../arm-none-eabi/lib/armv6k/fpu\libg.a(lib_a-memmove.o)
                0x0011ca98                memmove
 .text._Balloc  0x0011cbd4       0x88 c:/devkitpro/devkitarm/bin/../lib/gcc/arm-none-eabi/7.1.0/../../../../arm-none-eabi/lib/armv6k/fpu\libg.a(lib_a-mprec.o)
                0x0011cbd4                _Balloc
 .text._Bfree   0x0011cc5c       0x1c c:/devkitpro/devkitarm/bin/../lib/gcc/arm-none-eabi/7.1.0/../../../../arm-none-eabi/lib/armv6k/fpu\libg.a(lib_a-mprec.o)
                0x0011cc5c                _Bfree
 .text.__multadd
                0x0011cc78       0xd0 c:/devkitpro/devkitarm/bin/../lib/gcc/arm-none-eabi/7.1.0/../../../../arm-none-eabi/lib/armv6k/fpu\libg.a(lib_a-mprec.o)
                0x0011cc78                __multadd
 .text.__s2b    0x0011cd48       0xe0 c:/devkitpro/devkitarm/bin/../lib/gcc/arm-none-eabi/7.1.0/../../../../arm-none-eabi/lib/armv6k/fpu\libg.a(lib_a-mprec.o)
                0x0011cd48                __s2b
 .text.__hi0bits
                0x0011ce28       0x58 c:/devkitpro/devkitarm/bin/../lib/gcc/arm-none-eabi/7.1.0/../../../../arm-none-eabi/lib/armv6k/fpu\libg.a(lib_a-mprec.o)
                0x0011ce28                __hi0bits
 .text.__lo0bits
                0x0011ce80       0x9c c:/devkitpro/devkitarm/bin/../lib/gcc/arm-none-eabi/7.1.0/../../../../arm-none-eabi/lib/armv6k/fpu\libg.a(lib_a-mprec.o)
                0x0011ce80                __lo0bits
 .text.__i2b    0x0011cf1c       0x20 c:/devkitpro/devkitarm/bin/../lib/gcc/arm-none-eabi/7.1.0/../../../../arm-none-eabi/lib/armv6k/fpu\libg.a(lib_a-mprec.o)
                0x0011cf1c                __i2b
 .text.__multiply
                0x0011cf3c      0x1d4 c:/devkitpro/devkitarm/bin/../lib/gcc/arm-none-eabi/7.1.0/../../../../arm-none-eabi/lib/armv6k/fpu\libg.a(lib_a-mprec.o)
                0x0011cf3c                __multiply
 .text.__pow5mult
                0x0011d110      0x100 c:/devkitpro/devkitarm/bin/../lib/gcc/arm-none-eabi/7.1.0/../../../../arm-none-eabi/lib/armv6k/fpu\libg.a(lib_a-mprec.o)
                0x0011d110                __pow5mult
 .text.__lshift
                0x0011d210       0xe8 c:/devkitpro/devkitarm/bin/../lib/gcc/arm-none-eabi/7.1.0/../../../../arm-none-eabi/lib/armv6k/fpu\libg.a(lib_a-mprec.o)
                0x0011d210                __lshift
 .text.__mcmp   0x0011d2f8       0x5c c:/devkitpro/devkitarm/bin/../lib/gcc/arm-none-eabi/7.1.0/../../../../arm-none-eabi/lib/armv6k/fpu\libg.a(lib_a-mprec.o)
                0x0011d2f8                __mcmp
 .text.__mdiff  0x0011d354      0x168 c:/devkitpro/devkitarm/bin/../lib/gcc/arm-none-eabi/7.1.0/../../../../arm-none-eabi/lib/armv6k/fpu\libg.a(lib_a-mprec.o)
                0x0011d354                __mdiff
 .text.__ulp    0x0011d4bc       0x78 c:/devkitpro/devkitarm/bin/../lib/gcc/arm-none-eabi/7.1.0/../../../../arm-none-eabi/lib/armv6k/fpu\libg.a(lib_a-mprec.o)
                0x0011d4bc                __ulp
 .text.__b2d    0x0011d534       0xd0 c:/devkitpro/devkitarm/bin/../lib/gcc/arm-none-eabi/7.1.0/../../../../arm-none-eabi/lib/armv6k/fpu\libg.a(lib_a-mprec.o)
                0x0011d534                __b2d
 .text.__d2b    0x0011d604      0x104 c:/devkitpro/devkitarm/bin/../lib/gcc/arm-none-eabi/7.1.0/../../../../arm-none-eabi/lib/armv6k/fpu\libg.a(lib_a-mprec.o)
                0x0011d604                __d2b
 .text.__ratio  0x0011d708       0x84 c:/devkitpro/devkitarm/bin/../lib/gcc/arm-none-eabi/7.1.0/../../../../arm-none-eabi/lib/armv6k/fpu\libg.a(lib_a-mprec.o)
                0x0011d708                __ratio
 .text.__copybits
                0x0011d78c       0x88 c:/devkitpro/devkitarm/bin/../lib/gcc/arm-none-eabi/7.1.0/../../../../arm-none-eabi/lib/armv6k/fpu\libg.a(lib_a-mprec.o)
                0x0011d78c                __copybits
 .text.__any_on
                0x0011d814       0x78 c:/devkitpro/devkitarm/bin/../lib/gcc/arm-none-eabi/7.1.0/../../../../arm-none-eabi/lib/armv6k/fpu\libg.a(lib_a-mprec.o)
                0x0011d814                __any_on
 .text.__sccl   0x0011d88c       0xcc c:/devkitpro/devkitarm/bin/../lib/gcc/arm-none-eabi/7.1.0/../../../../arm-none-eabi/lib/armv6k/fpu\libg.a(lib_a-sccl.o)
                0x0011d88c                __sccl
 .text.nanf     0x0011d958        0xc c:/devkitpro/devkitarm/bin/../lib/gcc/arm-none-eabi/7.1.0/../../../../arm-none-eabi/lib/armv6k/fpu\libg.a(lib_a-sf_nan.o)
                0x0011d958                nanf
 *fill*         0x0011d964        0x4 
 .text.frexp    0x0011d968       0x9c c:/devkitpro/devkitarm/bin/../lib/gcc/arm-none-eabi/7.1.0/../../../../arm-none-eabi/lib/armv6k/fpu\libg.a(lib_a-s_frexp.o)
                0x0011d968                frexp
 .text.sprintf  0x0011da04       0x64 c:/devkitpro/devkitarm/bin/../lib/gcc/arm-none-eabi/7.1.0/../../../../arm-none-eabi/lib/armv6k/fpu\libg.a(lib_a-sprintf.o)
                0x0011da04                sprintf
 .text.stpncpy  0x0011da68       0xf8 c:/devkitpro/devkitarm/bin/../lib/gcc/arm-none-eabi/7.1.0/../../../../arm-none-eabi/lib/armv6k/fpu\libg.a(lib_a-stpncpy.o)
                0x0011da68                stpncpy
 .text.strchr   0x0011db60      0x180 c:/devkitpro/devkitarm/bin/../lib/gcc/arm-none-eabi/7.1.0/../../../../arm-none-eabi/lib/armv6k/fpu\libg.a(lib_a-strchr.o)
                0x0011db60                strchr
 .text.strncmp  0x0011dce0       0xf8 c:/devkitpro/devkitarm/bin/../lib/gcc/arm-none-eabi/7.1.0/../../../../arm-none-eabi/lib/armv6k/fpu\libg.a(lib_a-strncmp.o)
                0x0011dce0                strncmp
 .text.unlikely.sulp
                0x0011ddd8       0x54 c:/devkitpro/devkitarm/bin/../lib/gcc/arm-none-eabi/7.1.0/../../../../arm-none-eabi/lib/armv6k/fpu\libg.a(lib_a-strtod.o)
 *fill*         0x0011de2c        0x4 
 .text._strtod_l
                0x0011de30     0x1464 c:/devkitpro/devkitarm/bin/../lib/gcc/arm-none-eabi/7.1.0/../../../../arm-none-eabi/lib/armv6k/fpu\libg.a(lib_a-strtod.o)
                0x0011de30                _strtod_l
 .text._strtod_r
                0x0011f294       0x3c c:/devkitpro/devkitarm/bin/../lib/gcc/arm-none-eabi/7.1.0/../../../../arm-none-eabi/lib/armv6k/fpu\libg.a(lib_a-strtod.o)
                0x0011f294                _strtod_r
 .text._strtoll_l.isra.0
                0x0011f2d0      0x274 c:/devkitpro/devkitarm/bin/../lib/gcc/arm-none-eabi/7.1.0/../../../../arm-none-eabi/lib/armv6k/fpu\libg.a(lib_a-strtoll.o)
 .text._strtoll_r
                0x0011f544       0x50 c:/devkitpro/devkitarm/bin/../lib/gcc/arm-none-eabi/7.1.0/../../../../arm-none-eabi/lib/armv6k/fpu\libg.a(lib_a-strtoll.o)
                0x0011f544                _strtoll_r
 .text._strtol_l.isra.0
                0x0011f594      0x1bc c:/devkitpro/devkitarm/bin/../lib/gcc/arm-none-eabi/7.1.0/../../../../arm-none-eabi/lib/armv6k/fpu\libg.a(lib_a-strtol.o)
 .text._strtol_r
                0x0011f750       0x50 c:/devkitpro/devkitarm/bin/../lib/gcc/arm-none-eabi/7.1.0/../../../../arm-none-eabi/lib/armv6k/fpu\libg.a(lib_a-strtol.o)
                0x0011f750                _strtol_r
 .text._strtoull_l.isra.0
                0x0011f7a0      0x260 c:/devkitpro/devkitarm/bin/../lib/gcc/arm-none-eabi/7.1.0/../../../../arm-none-eabi/lib/armv6k/fpu\libg.a(lib_a-strtoull.o)
 .text._strtoull_r
                0x0011fa00       0x50 c:/devkitpro/devkitarm/bin/../lib/gcc/arm-none-eabi/7.1.0/../../../../arm-none-eabi/lib/armv6k/fpu\libg.a(lib_a-strtoull.o)
                0x0011fa00                _strtoull_r
 .text._strtoul_l.isra.0
                0x0011fa50      0x1d0 c:/devkitpro/devkitarm/bin/../lib/gcc/arm-none-eabi/7.1.0/../../../../arm-none-eabi/lib/armv6k/fpu\libg.a(lib_a-strtoul.o)
 .text._strtoul_r
                0x0011fc20       0x50 c:/devkitpro/devkitarm/bin/../lib/gcc/arm-none-eabi/7.1.0/../../../../arm-none-eabi/lib/armv6k/fpu\libg.a(lib_a-strtoul.o)
                0x0011fc20                _strtoul_r
 .text.__ssprint_r
                0x0011fc70      0x188 c:/devkitpro/devkitarm/bin/../lib/gcc/arm-none-eabi/7.1.0/../../../../arm-none-eabi/lib/armv6k/fpu\libg.a(lib_a-svfiprintf.o)
                0x0011fc70                __ssprint_r
 .text._sungetc_r
                0x0011fdf8       0xdc c:/devkitpro/devkitarm/bin/../lib/gcc/arm-none-eabi/7.1.0/../../../../arm-none-eabi/lib/armv6k/fpu\libg.a(lib_a-svfiscanf.o)
                0x0011fdf8                _sungetc_r
 .text.__ssrefill_r
                0x0011fed4       0x6c c:/devkitpro/devkitarm/bin/../lib/gcc/arm-none-eabi/7.1.0/../../../../arm-none-eabi/lib/armv6k/fpu\libg.a(lib_a-svfiscanf.o)
                0x0011fed4                __ssrefill_r
 .text._sfread_r
                0x0011ff40       0xc8 c:/devkitpro/devkitarm/bin/../lib/gcc/arm-none-eabi/7.1.0/../../../../arm-none-eabi/lib/armv6k/fpu\libg.a(lib_a-svfiscanf.o)
                0x0011ff40                _sfread_r
 .text.get_arg  0x00120008     0x74a0 c:/devkitpro/devkitarm/bin/../lib/gcc/arm-none-eabi/7.1.0/../../../../arm-none-eabi/lib/armv6k/fpu\libg.a(lib_a-svfprintf.o)
 .text._svfprintf_r
                0x001274a8     0x3e2c c:/devkitpro/devkitarm/bin/../lib/gcc/arm-none-eabi/7.1.0/../../../../arm-none-eabi/lib/armv6k/fpu\libg.a(lib_a-svfprintf.o)
                0x001274a8                _svfprintf_r
 .text.__submore
                0x0012b2d4       0xa4 c:/devkitpro/devkitarm/bin/../lib/gcc/arm-none-eabi/7.1.0/../../../../arm-none-eabi/lib/armv6k/fpu\libg.a(lib_a-ungetc.o)
                0x0012b2d4                __submore
 .text._wcsnrtombs_l
                0x0012b378      0x170 c:/devkitpro/devkitarm/bin/../lib/gcc/arm-none-eabi/7.1.0/../../../../arm-none-eabi/lib/armv6k/fpu\libg.a(lib_a-wcsnrtombs.o)
                0x0012b378                _wcsnrtombs_l
 .text._wcsnrtombs_r
                0x0012b4e8       0x64 c:/devkitpro/devkitarm/bin/../lib/gcc/arm-none-eabi/7.1.0/../../../../arm-none-eabi/lib/armv6k/fpu\libg.a(lib_a-wcsnrtombs.o)
                0x0012b4e8                _wcsnrtombs_r
 .text.__utf8_wctomb
                0x0012b54c       0xe8 c:/devkitpro/devkitarm/bin/../lib/gcc/arm-none-eabi/7.1.0/../../../../arm-none-eabi/lib/armv6k/fpu\libg.a(lib_a-wctomb_r.o)
                0x0012b54c                __utf8_wctomb
 .text._calloc_r
                0x0012b634       0x90 c:/devkitpro/devkitarm/bin/../lib/gcc/arm-none-eabi/7.1.0/../../../../arm-none-eabi/lib/armv6k/fpu\libg.a(lib_a-callocr.o)
                0x0012b634                _calloc_r
 .text.rshift   0x0012b6c4      0x104 c:/devkitpro/devkitarm/bin/../lib/gcc/arm-none-eabi/7.1.0/../../../../arm-none-eabi/lib/armv6k/fpu\libg.a(lib_a-gdtoa-gethex.o)
 .text.__gethex
                0x0012b7c8      0x7f8 c:/devkitpro/devkitarm/bin/../lib/gcc/arm-none-eabi/7.1.0/../../../../arm-none-eabi/lib/armv6k/fpu\libg.a(lib_a-gdtoa-gethex.o)
                0x0012b7c8                __gethex
 .text.__match  0x0012bfc0       0x60 c:/devkitpro/devkitarm/bin/../lib/gcc/arm-none-eabi/7.1.0/../../../../arm-none-eabi/lib/armv6k/fpu\libg.a(lib_a-gdtoa-hexnan.o)
                0x0012bfc0                __match
 .text.__hexnan
                0x0012c020      0x254 c:/devkitpro/devkitarm/bin/../lib/gcc/arm-none-eabi/7.1.0/../../../../arm-none-eabi/lib/armv6k/fpu\libg.a(lib_a-gdtoa-hexnan.o)
                0x0012c020                __hexnan
 .text.null_write
                0x0012c274        0x8 c:/devkitpro/devkitarm/bin/../lib/gcc/arm-none-eabi/7.1.0/../../../../arm-none-eabi/lib/armv6k/fpu\libsysbase.a(iosupport.o)
 .text.setDefaultDevice
                0x0012c27c       0x18 c:/devkitpro/devkitarm/bin/../lib/gcc/arm-none-eabi/7.1.0/../../../../arm-none-eabi/lib/armv6k/fpu\libsysbase.a(iosupport.o)
                0x0012c27c                setDefaultDevice
 .text.FindDevice
                0x0012c294       0xcc c:/devkitpro/devkitarm/bin/../lib/gcc/arm-none-eabi/7.1.0/../../../../arm-none-eabi/lib/armv6k/fpu\libsysbase.a(iosupport.o)
                0x0012c294                FindDevice
 .text.RemoveDevice
                0x0012c360       0x28 c:/devkitpro/devkitarm/bin/../lib/gcc/arm-none-eabi/7.1.0/../../../../arm-none-eabi/lib/armv6k/fpu\libsysbase.a(iosupport.o)
                0x0012c360                RemoveDevice
 .text.AddDevice
                0x0012c388       0x98 c:/devkitpro/devkitarm/bin/../lib/gcc/arm-none-eabi/7.1.0/../../../../arm-none-eabi/lib/armv6k/fpu\libsysbase.a(iosupport.o)
                0x0012c388                AddDevice
 .text._close_r
                0x0012c420       0x84 c:/devkitpro/devkitarm/bin/../lib/gcc/arm-none-eabi/7.1.0/../../../../arm-none-eabi/lib/armv6k/fpu\libsysbase.a(close.o)
                0x0012c420                _close_r
 .text._fstat_r
                0x0012c4a4       0x74 c:/devkitpro/devkitarm/bin/../lib/gcc/arm-none-eabi/7.1.0/../../../../arm-none-eabi/lib/armv6k/fpu\libsysbase.a(fstat.o)
                0x0012c4a4                _fstat_r
 .text._isatty_r
                0x0012c518        0x8 c:/devkitpro/devkitarm/bin/../lib/gcc/arm-none-eabi/7.1.0/../../../../arm-none-eabi/lib/armv6k/fpu\libsysbase.a(isatty.o)
                0x0012c518                _isatty_r
 .text._lseek_r
                0x0012c520       0x84 c:/devkitpro/devkitarm/bin/../lib/gcc/arm-none-eabi/7.1.0/../../../../arm-none-eabi/lib/armv6k/fpu\libsysbase.a(lseek.o)
                0x0012c520                _lseek_r
 .text._open_r  0x0012c5a4       0xc4 c:/devkitpro/devkitarm/bin/../lib/gcc/arm-none-eabi/7.1.0/../../../../arm-none-eabi/lib/armv6k/fpu\libsysbase.a(open.o)
                0x0012c5a4                _open_r
 .text._read_r  0x0012c668       0x80 c:/devkitpro/devkitarm/bin/../lib/gcc/arm-none-eabi/7.1.0/../../../../arm-none-eabi/lib/armv6k/fpu\libsysbase.a(read.o)
                0x0012c668                _read_r
 .text._sbrk_r  0x0012c6e8       0x70 c:/devkitpro/devkitarm/bin/../lib/gcc/arm-none-eabi/7.1.0/../../../../arm-none-eabi/lib/armv6k/fpu\libsysbase.a(sbrk.o)
                0x0012c6e8                _sbrk_r
 .text._stat_r  0x0012c758       0x6c c:/devkitpro/devkitarm/bin/../lib/gcc/arm-none-eabi/7.1.0/../../../../arm-none-eabi/lib/armv6k/fpu\libsysbase.a(stat.o)
                0x0012c758                _stat_r
 .text._unlink_r
                0x0012c7c4       0x64 c:/devkitpro/devkitarm/bin/../lib/gcc/arm-none-eabi/7.1.0/../../../../arm-none-eabi/lib/armv6k/fpu\libsysbase.a(unlink.o)
                0x0012c7c4                _unlink_r
 .text._write_r
                0x0012c828       0x80 c:/devkitpro/devkitarm/bin/../lib/gcc/arm-none-eabi/7.1.0/../../../../arm-none-eabi/lib/armv6k/fpu\libsysbase.a(write.o)
                0x0012c828                _write_r
 .text._concatenate_path
                0x0012c8a8      0x1cc c:/devkitpro/devkitarm/bin/../lib/gcc/arm-none-eabi/7.1.0/../../../../arm-none-eabi/lib/armv6k/fpu\libsysbase.a(chdir.o)
                0x0012c8a8                _concatenate_path
 .text.chdir    0x0012ca74      0x15c c:/devkitpro/devkitarm/bin/../lib/gcc/arm-none-eabi/7.1.0/../../../../arm-none-eabi/lib/armv6k/fpu\libsysbase.a(chdir.o)
                0x0012ca74                chdir
 .text.mkdir    0x0012cbd0       0x60 c:/devkitpro/devkitarm/bin/../lib/gcc/arm-none-eabi/7.1.0/../../../../arm-none-eabi/lib/armv6k/fpu\libsysbase.a(mkdir.o)
                0x0012cbd0                mkdir
 .text.__flockfile
                0x0012cc30        0x8 c:/devkitpro/devkitarm/bin/../lib/gcc/arm-none-eabi/7.1.0/../../../../arm-none-eabi/lib/armv6k/fpu\libsysbase.a(flock.o)
                0x0012cc30                __flockfile
 .text.__funlockfile
                0x0012cc38        0x8 c:/devkitpro/devkitarm/bin/../lib/gcc/arm-none-eabi/7.1.0/../../../../arm-none-eabi/lib/armv6k/fpu\libsysbase.a(flock.o)
                0x0012cc38                __funlockfile
 .text.__libc_lock_acquire
                0x0012cc40       0x18 c:/devkitpro/devkitarm/bin/../lib/gcc/arm-none-eabi/7.1.0/../../../../arm-none-eabi/lib/armv6k/fpu\libsysbase.a(syscall_support.o)
                0x0012cc40                __libc_lock_acquire
 .text.__libc_lock_release
                0x0012cc58       0x18 c:/devkitpro/devkitarm/bin/../lib/gcc/arm-none-eabi/7.1.0/../../../../arm-none-eabi/lib/armv6k/fpu\libsysbase.a(syscall_support.o)
                0x0012cc58                __libc_lock_release
 .text.__libc_lock_init_recursive
                0x0012cc70       0x18 c:/devkitpro/devkitarm/bin/../lib/gcc/arm-none-eabi/7.1.0/../../../../arm-none-eabi/lib/armv6k/fpu\libsysbase.a(syscall_support.o)
                0x0012cc70                __libc_lock_init_recursive
 .text.__libc_lock_acquire_recursive
                0x0012cc88       0x18 c:/devkitpro/devkitarm/bin/../lib/gcc/arm-none-eabi/7.1.0/../../../../arm-none-eabi/lib/armv6k/fpu\libsysbase.a(syscall_support.o)
                0x0012cc88                __libc_lock_acquire_recursive
 .text.__libc_lock_release_recursive
                0x0012cca0       0x18 c:/devkitpro/devkitarm/bin/../lib/gcc/arm-none-eabi/7.1.0/../../../../arm-none-eabi/lib/armv6k/fpu\libsysbase.a(syscall_support.o)
                0x0012cca0                __libc_lock_release_recursive
 .text.__libc_lock_close_recursive
                0x0012ccb8       0x18 c:/devkitpro/devkitarm/bin/../lib/gcc/arm-none-eabi/7.1.0/../../../../arm-none-eabi/lib/armv6k/fpu\libsysbase.a(syscall_support.o)
                0x0012ccb8                __libc_lock_close_recursive
 .text.__release_handle
                0x0012ccd0       0x8c c:/devkitpro/devkitarm/bin/../lib/gcc/arm-none-eabi/7.1.0/../../../../arm-none-eabi/lib/armv6k/fpu\libsysbase.a(handle_manager.o)
                0x0012ccd0                __release_handle
 .text.__alloc_handle
                0x0012cd5c       0xb4 c:/devkitpro/devkitarm/bin/../lib/gcc/arm-none-eabi/7.1.0/../../../../arm-none-eabi/lib/armv6k/fpu\libsysbase.a(handle_manager.o)
                0x0012cd5c                __alloc_handle
 .text.__get_handle
                0x0012ce10       0x18 c:/devkitpro/devkitarm/bin/../lib/gcc/arm-none-eabi/7.1.0/../../../../arm-none-eabi/lib/armv6k/fpu\libsysbase.a(handle_manager.o)
                0x0012ce10                __get_handle
 .text.__getreent
                0x0012ce28       0x28 c:/devkitpro/devkitarm/bin/../lib/gcc/arm-none-eabi/7.1.0/../../../../arm-none-eabi/lib/armv6k/fpu\libsysbase.a(getreent.o)
                0x0012ce28                __getreent
 .text.strrchr  0x0012ce50       0x44 c:/devkitpro/devkitarm/bin/../lib/gcc/arm-none-eabi/7.1.0/../../../../arm-none-eabi/lib/armv6k/fpu\libg.a(lib_a-strrchr.o)
                0x0012ce50                strrchr
 *(.glue_7)
 .glue_7        0x0012ce94        0x0 linker stubs
 *(.glue_7t)
 .glue_7t       0x0012ce94        0x0 linker stubs
 *(.stub)
 *(.gnu.warning)
 *(.gnu.linkonce.t*)
                0x0012ce94                . = ALIGN (0x4)
 *(.fini)
 .fini          0x0012ce94        0xc c:/devkitpro/devkitarm/bin/../lib/gcc/arm-none-eabi/7.1.0/armv6k/fpu/crti.o
                0x0012ce94                _fini
 .fini          0x0012cea0        0xc c:/devkitpro/devkitarm/bin/../lib/gcc/arm-none-eabi/7.1.0/armv6k/fpu/crtn.o
                0x0012ceac                . = ALIGN (0x4)

.vfp11_veneer   0x0012ceac        0x0
 .vfp11_veneer  0x0012ceac        0x0 linker stubs

.v4_bx          0x0012ceac        0x0
 .v4_bx         0x0012ceac        0x0 linker stubs

.iplt           0x0012ceac        0x0
 .iplt          0x0012ceac        0x0 c:/devkitpro/devkitarm/bin/../lib/gcc/arm-none-eabi/7.1.0/../../../../arm-none-eabi/lib/armv6k/fpu/3dsx_crt0.o
                0x0012d000                . = ALIGN (0x1000)

.rodata         0x0012d000     0x4a68
 *(.rodata)
 .rodata        0x0012d000       0x20 main.o
 .rodata        0x0012d020      0x804 c:/devkitPro/libctru/lib\libctru.a(default_font.bin.o)
                0x0012d020                default_font_bin
                0x0012d820                default_font_bin_size
                0x0012d820                default_font_bin_end
 .rodata        0x0012d824        0xc c:/devkitPro/libctru/lib\libctru.a(sdmc_dev.o)
 *(.roda)
 *(.rodata.*)
 .rodata.str1.4
                0x0012d830      0x4b6 main.o
 *fill*         0x0012dce6        0x2 
 .rodata.colorTable
                0x0012dce8       0x30 c:/devkitPro/libctru/lib\libctru.a(console.o)
 .rodata.con_write.str1.4
                0x0012dd18       0x52 c:/devkitPro/libctru/lib\libctru.a(console.o)
 *fill*         0x0012dd6a        0x2 
 .rodata.dotab_stdout
                0x0012dd6c       0x68 c:/devkitPro/libctru/lib\libctru.a(console.o)
 .rodata.str1.4
                0x0012ddd4       0x10 c:/devkitPro/libctru/lib\libctru.a(console.o)
 .rodata.CSWTCH.61
                0x0012dde4       0x14 c:/devkitPro/libctru/lib\libctru.a(gfx.o)
 .rodata.framebufferInfoSt
                0x0012ddf8        0x8 c:/devkitPro/libctru/lib\libctru.a(gfx.o)
 .rodata.gspInit.str1.4
                0x0012de00        0x9 c:/devkitPro/libctru/lib\libctru.a(gspgpu.o)
 *fill*         0x0012de09        0x3 
 .rodata.amAppInit.str1.4
                0x0012de0c        0x7 c:/devkitPro/libctru/lib\libctru.a(am.o)
 *fill*         0x0012de13        0x1 
 .rodata.amInit.str1.4
                0x0012de14       0x17 c:/devkitPro/libctru/lib\libctru.a(am.o)
 *fill*         0x0012de2b        0x1 
 .rodata.aptSendCommand.str1.4
                0x0012de2c       0x16 c:/devkitPro/libctru/lib\libctru.a(apt.o)
 *fill*         0x0012de42        0x2 
 .rodata.hidInit.str1.4
                0x0012de44       0x15 c:/devkitPro/libctru/lib\libctru.a(hid.o)
 *fill*         0x0012de59        0x3 
 .rodata.httpcInit.str1.4
                0x0012de5c        0x7 c:/devkitPro/libctru/lib\libctru.a(httpc.o)
 *fill*         0x0012de63        0x1 
 .rodata.srvInit.str1.4
                0x0012de64        0x5 c:/devkitPro/libctru/lib\libctru.a(srv.o)
 *fill*         0x0012de69        0x3 
 .rodata.irrstInit.str1.4
                0x0012de6c        0x7 c:/devkitPro/libctru/lib\libctru.a(irrst.o)
 *fill*         0x0012de73        0x1 
 .rodata.ptmSysmInit.str1.4
                0x0012de74        0x9 c:/devkitPro/libctru/lib\libctru.a(ptmsysm.o)
 *fill*         0x0012de7d        0x3 
 .rodata.error_table
                0x0012de80       0x30 c:/devkitPro/libctru/lib\libctru.a(sdmc_dev.o)
 .rodata.sdmcExit.str1.4
                0x0012deb0        0x6 c:/devkitPro/libctru/lib\libctru.a(sdmc_dev.o)
 *fill*         0x0012deb6        0x2 
 .rodata.str1.4
                0x0012deb8        0x5 c:/devkitPro/libctru/lib\libctru.a(sdmc_dev.o)
                                  0x9 (size before relaxing)
 *fill*         0x0012debd        0x3 
 .rodata.fsInit.str1.4
                0x0012dec0        0x8 c:/devkitPro/libctru/lib\libctru.a(fs.o)
 .rodata._global_impure_ptr
                0x0012dec8        0x4 c:/devkitpro/devkitarm/bin/../lib/gcc/arm-none-eabi/7.1.0/../../../../arm-none-eabi/lib/armv6k/fpu\libg.a(lib_a-impure.o)
                0x0012dec8                _global_impure_ptr
 .rodata._puts_r.str1.4
                0x0012decc        0x8 c:/devkitpro/devkitarm/bin/../lib/gcc/arm-none-eabi/7.1.0/../../../../arm-none-eabi/lib/armv6k/fpu\libg.a(lib_a-puts.o)
                                  0x2 (size before relaxing)
 .rodata.__ssvfscanf_r.str1.4
                0x0012decc        0x5 c:/devkitpro/devkitarm/bin/../lib/gcc/arm-none-eabi/7.1.0/../../../../arm-none-eabi/lib/armv6k/fpu\libg.a(lib_a-svfscanf.o)
 *fill*         0x0012ded1        0x3 
 .rodata.basefix.8603
                0x0012ded4       0x22 c:/devkitpro/devkitarm/bin/../lib/gcc/arm-none-eabi/7.1.0/../../../../arm-none-eabi/lib/armv6k/fpu\libg.a(lib_a-svfscanf.o)
 *fill*         0x0012def6        0x2 
 .rodata._vfprintf_r.str1.4
                0x0012def8       0x42 c:/devkitpro/devkitarm/bin/../lib/gcc/arm-none-eabi/7.1.0/../../../../arm-none-eabi/lib/armv6k/fpu\libg.a(lib_a-vfprintf.o)
 *fill*         0x0012df3a        0x2 
 .rodata.blanks.8577
                0x0012df3c       0x10 c:/devkitpro/devkitarm/bin/../lib/gcc/arm-none-eabi/7.1.0/../../../../arm-none-eabi/lib/armv6k/fpu\libg.a(lib_a-vfprintf.o)
 .rodata.zeroes.8578
                0x0012df4c       0x10 c:/devkitpro/devkitarm/bin/../lib/gcc/arm-none-eabi/7.1.0/../../../../arm-none-eabi/lib/armv6k/fpu\libg.a(lib_a-vfprintf.o)
 .rodata._dtoa_r.str1.4
                0x0012df5c       0x10 c:/devkitpro/devkitarm/bin/../lib/gcc/arm-none-eabi/7.1.0/../../../../arm-none-eabi/lib/armv6k/fpu\libg.a(lib_a-dtoa.o)
                                 0x12 (size before relaxing)
 .rodata._jp2uc.str1.4
                0x0012df6c       0x12 c:/devkitpro/devkitarm/bin/../lib/gcc/arm-none-eabi/7.1.0/../../../../arm-none-eabi/lib/armv6k/fpu\libg.a(lib_a-jp2uc.o)
 *fill*         0x0012df7e        0x2 
 .rodata.a1     0x0012df80       0xbc c:/devkitpro/devkitarm/bin/../lib/gcc/arm-none-eabi/7.1.0/../../../../arm-none-eabi/lib/armv6k/fpu\libg.a(lib_a-jp2uc.o)
 .rodata.a2     0x0012e03c       0xbc c:/devkitpro/devkitarm/bin/../lib/gcc/arm-none-eabi/7.1.0/../../../../arm-none-eabi/lib/armv6k/fpu\libg.a(lib_a-jp2uc.o)
 .rodata.a3     0x0012e0f8       0x5b c:/devkitpro/devkitarm/bin/../lib/gcc/arm-none-eabi/7.1.0/../../../../arm-none-eabi/lib/armv6k/fpu\libg.a(lib_a-jp2uc.o)
 *fill*         0x0012e153        0x1 
 .rodata.a6     0x0012e154       0x70 c:/devkitpro/devkitarm/bin/../lib/gcc/arm-none-eabi/7.1.0/../../../../arm-none-eabi/lib/armv6k/fpu\libg.a(lib_a-jp2uc.o)
 .rodata.a7     0x0012e1c4       0xa2 c:/devkitpro/devkitarm/bin/../lib/gcc/arm-none-eabi/7.1.0/../../../../arm-none-eabi/lib/armv6k/fpu\libg.a(lib_a-jp2uc.o)
 *fill*         0x0012e266        0x2 
 .rodata.a8     0x0012e268       0x40 c:/devkitpro/devkitarm/bin/../lib/gcc/arm-none-eabi/7.1.0/../../../../arm-none-eabi/lib/armv6k/fpu\libg.a(lib_a-jp2uc.o)
 .rodata.b02cf  0x0012e2a8     0x172a c:/devkitpro/devkitarm/bin/../lib/gcc/arm-none-eabi/7.1.0/../../../../arm-none-eabi/lib/armv6k/fpu\libg.a(lib_a-jp2uc.o)
 *fill*         0x0012f9d2        0x2 
 .rodata.d02f4  0x0012f9d4     0x1a7c c:/devkitpro/devkitarm/bin/../lib/gcc/arm-none-eabi/7.1.0/../../../../arm-none-eabi/lib/armv6k/fpu\libg.a(lib_a-jp2uc.o)
 .rodata.str1.4
                0x00131450       0x44 c:/devkitpro/devkitarm/bin/../lib/gcc/arm-none-eabi/7.1.0/../../../../arm-none-eabi/lib/armv6k/fpu\libg.a(lib_a-locale.o)
                                 0x4c (size before relaxing)
 .rodata._mbrtowc_r.str1.4
                0x00131494        0x1 c:/devkitpro/devkitarm/bin/../lib/gcc/arm-none-eabi/7.1.0/../../../../arm-none-eabi/lib/armv6k/fpu\libg.a(lib_a-mbrtowc.o)
 *fill*         0x00131494        0x4 
 .rodata.__mprec_bigtens
                0x00131498       0x28 c:/devkitpro/devkitarm/bin/../lib/gcc/arm-none-eabi/7.1.0/../../../../arm-none-eabi/lib/armv6k/fpu\libg.a(lib_a-mprec.o)
                0x00131498                __mprec_bigtens
 .rodata.__mprec_tens
                0x001314c0       0xc8 c:/devkitpro/devkitarm/bin/../lib/gcc/arm-none-eabi/7.1.0/../../../../arm-none-eabi/lib/armv6k/fpu\libg.a(lib_a-mprec.o)
                0x001314c0                __mprec_tens
 .rodata.p05.7353
                0x00131588        0xc c:/devkitpro/devkitarm/bin/../lib/gcc/arm-none-eabi/7.1.0/../../../../arm-none-eabi/lib/armv6k/fpu\libg.a(lib_a-mprec.o)
 .rodata._strtod_l.str1.4
                0x00131594        0xf c:/devkitpro/devkitarm/bin/../lib/gcc/arm-none-eabi/7.1.0/../../../../arm-none-eabi/lib/armv6k/fpu\libg.a(lib_a-strtod.o)
 *fill*         0x001315a3        0x1 
 .rodata.fpi.7439
                0x001315a4       0x14 c:/devkitpro/devkitarm/bin/../lib/gcc/arm-none-eabi/7.1.0/../../../../arm-none-eabi/lib/armv6k/fpu\libg.a(lib_a-strtod.o)
 .rodata.fpinan.7475
                0x001315b8       0x14 c:/devkitpro/devkitarm/bin/../lib/gcc/arm-none-eabi/7.1.0/../../../../arm-none-eabi/lib/armv6k/fpu\libg.a(lib_a-strtod.o)
 *fill*         0x001315cc        0x4 
 .rodata.tinytens
                0x001315d0       0x28 c:/devkitpro/devkitarm/bin/../lib/gcc/arm-none-eabi/7.1.0/../../../../arm-none-eabi/lib/armv6k/fpu\libg.a(lib_a-strtod.o)
 .rodata.__action_table
                0x001315f8       0x6c c:/devkitpro/devkitarm/bin/../lib/gcc/arm-none-eabi/7.1.0/../../../../arm-none-eabi/lib/armv6k/fpu\libg.a(lib_a-svfiprintf.o)
                0x001315f8                __action_table
 .rodata.__chclass
                0x00131664      0x100 c:/devkitpro/devkitarm/bin/../lib/gcc/arm-none-eabi/7.1.0/../../../../arm-none-eabi/lib/armv6k/fpu\libg.a(lib_a-svfiprintf.o)
                0x00131664                __chclass
 .rodata.__state_table
                0x00131764       0x6c c:/devkitpro/devkitarm/bin/../lib/gcc/arm-none-eabi/7.1.0/../../../../arm-none-eabi/lib/armv6k/fpu\libg.a(lib_a-svfiprintf.o)
                0x00131764                __state_table
 .rodata._svfprintf_r.str1.4
                0x001317d0       0x42 c:/devkitpro/devkitarm/bin/../lib/gcc/arm-none-eabi/7.1.0/../../../../arm-none-eabi/lib/armv6k/fpu\libg.a(lib_a-svfprintf.o)
 .rodata.blanks.8562
                0x001317d0       0x10 c:/devkitpro/devkitarm/bin/../lib/gcc/arm-none-eabi/7.1.0/../../../../arm-none-eabi/lib/armv6k/fpu\libg.a(lib_a-svfprintf.o)
 .rodata.zeroes.8563
                0x001317e0       0x10 c:/devkitpro/devkitarm/bin/../lib/gcc/arm-none-eabi/7.1.0/../../../../arm-none-eabi/lib/armv6k/fpu\libg.a(lib_a-svfprintf.o)
 .rodata._ctype_
                0x001317f0      0x101 c:/devkitpro/devkitarm/bin/../lib/gcc/arm-none-eabi/7.1.0/../../../../arm-none-eabi/lib/armv6k/fpu\libg.a(lib_a-ctype_.o)
                0x001317f0                _ctype_
 *fill*         0x001318f1        0x3 
 .rodata.__hexdig
                0x001318f4      0x100 c:/devkitpro/devkitarm/bin/../lib/gcc/arm-none-eabi/7.1.0/../../../../arm-none-eabi/lib/armv6k/fpu\libg.a(lib_a-gdtoa-gethex.o)
                0x001318f4                __hexdig
 .rodata.AddDevice.str1.4
                0x001319f4        0x8 c:/devkitpro/devkitarm/bin/../lib/gcc/arm-none-eabi/7.1.0/../../../../arm-none-eabi/lib/armv6k/fpu\libsysbase.a(iosupport.o)
 .rodata.dotab_stdnull
                0x001319fc       0x68 c:/devkitpro/devkitarm/bin/../lib/gcc/arm-none-eabi/7.1.0/../../../../arm-none-eabi/lib/armv6k/fpu\libsysbase.a(iosupport.o)
                0x001319fc                dotab_stdnull
 .rodata.DIRECTORY_PARENT
                0x00131a64        0x3 c:/devkitpro/devkitarm/bin/../lib/gcc/arm-none-eabi/7.1.0/../../../../arm-none-eabi/lib/armv6k/fpu\libsysbase.a(chdir.o)
                0x00131a64                DIRECTORY_PARENT
 *all.rodata*(*)
 *(.gnu.linkonce.r*)
                0x00131a68                . = ALIGN (0x4)
 *fill*         0x00131a67        0x1 

.eh_frame       0x00131a68        0x0
 .eh_frame      0x00131a68        0x0 c:/devkitpro/devkitarm/bin/../lib/gcc/arm-none-eabi/7.1.0/armv6k/fpu/crtbegin.o

.rel.dyn        0x00131a68        0x0
 .rel.iplt      0x00131a68        0x0 c:/devkitpro/devkitarm/bin/../lib/gcc/arm-none-eabi/7.1.0/../../../../arm-none-eabi/lib/armv6k/fpu/3dsx_crt0.o

.ARM.extab
 *(.ARM.extab* .gnu.linkonce.armextab.*)
                0x00131a68                __exidx_start = .

ARM.exidx
 *(.ARM.exidx* .gnu.linkonce.armexidx.*)
                0x00131a68                __exidx_end = .
                0x00132000                . = ALIGN (0x1000)

.data           0x00132000     0x2f4c
 *(.data)
 .data          0x00132000        0x4 c:/devkitPro/libctru/lib\libctru.a(stack_adjust.o)
                0x00132000                __stacksize__
 *(.data.*)
 .data.currentConsole
                0x00132004        0x4 c:/devkitPro/libctru/lib\libctru.a(console.o)
                0x00132004                currentConsole
 .data.defaultConsole
                0x00132008       0x4c c:/devkitPro/libctru/lib\libctru.a(console.o)
                0x00132008                defaultConsole
 .data.firstConsoleInit.7969
                0x00132054        0x1 c:/devkitPro/libctru/lib\libctru.a(console.o)
 .data.botFormat
                0x00132055        0x1 c:/devkitPro/libctru/lib\libctru.a(gfx.o)
 *fill*         0x00132056        0x2 
 .data.doubleBuf
                0x00132058        0x8 c:/devkitPro/libctru/lib\libctru.a(gfx.o)
 .data.topFormat
                0x00132060        0x1 c:/devkitPro/libctru/lib\libctru.a(gfx.o)
 *fill*         0x00132061        0x3 
 .data.gspLastEvent
                0x00132064        0x4 c:/devkitPro/libctru/lib\libctru.a(gspgpu.o)
 .data.aptFlags
                0x00132068        0x4 c:/devkitPro/libctru/lib\libctru.a(apt.o)
 .data.__ctru_linear_heap_size
                0x0013206c        0x4 c:/devkitPro/libctru/lib\libctru.a(allocateHeaps.o)
                0x0013206c                __ctru_linear_heap_size
 .data.__cwd    0x00132070      0x401 c:/devkitPro/libctru/lib\libctru.a(sdmc_dev.o)
 *fill*         0x00132471        0x3 
 .data.sdmc_devoptab
                0x00132474       0x68 c:/devkitPro/libctru/lib\libctru.a(sdmc_dev.o)
 .data.__sfp_lock
                0x001324dc        0xc c:/devkitpro/devkitarm/bin/../lib/gcc/arm-none-eabi/7.1.0/../../../../arm-none-eabi/lib/armv6k/fpu\libg.a(lib_a-findfp.o)
 .data.__sinit_lock
                0x001324e8        0xc c:/devkitpro/devkitarm/bin/../lib/gcc/arm-none-eabi/7.1.0/../../../../arm-none-eabi/lib/armv6k/fpu\libg.a(lib_a-findfp.o)
 .data._impure_ptr
                0x001324f4        0x4 c:/devkitpro/devkitarm/bin/../lib/gcc/arm-none-eabi/7.1.0/../../../../arm-none-eabi/lib/armv6k/fpu\libg.a(lib_a-impure.o)
                0x001324f4                _impure_ptr
 .data.impure_data
                0x001324f8      0x460 c:/devkitpro/devkitarm/bin/../lib/gcc/arm-none-eabi/7.1.0/../../../../arm-none-eabi/lib/armv6k/fpu\libg.a(lib_a-impure.o)
 .data.__malloc_av_
                0x00132958      0x408 c:/devkitpro/devkitarm/bin/../lib/gcc/arm-none-eabi/7.1.0/../../../../arm-none-eabi/lib/armv6k/fpu\libg.a(lib_a-mallocr.o)
                0x00132958                __malloc_av_
 .data.__malloc_sbrk_base
                0x00132d60        0x4 c:/devkitpro/devkitarm/bin/../lib/gcc/arm-none-eabi/7.1.0/../../../../arm-none-eabi/lib/armv6k/fpu\libg.a(lib_a-mallocr.o)
                0x00132d60                __malloc_sbrk_base
 .data.__malloc_trim_threshold
                0x00132d64        0x4 c:/devkitpro/devkitarm/bin/../lib/gcc/arm-none-eabi/7.1.0/../../../../arm-none-eabi/lib/armv6k/fpu\libg.a(lib_a-mallocr.o)
                0x00132d64                __malloc_trim_threshold
 .data.__malloc_lock_object
                0x00132d68        0xc c:/devkitpro/devkitarm/bin/../lib/gcc/arm-none-eabi/7.1.0/../../../../arm-none-eabi/lib/armv6k/fpu\libg.a(lib_a-mlock.o)
 .data.__global_locale
                0x00132d74      0x16c c:/devkitpro/devkitarm/bin/../lib/gcc/arm-none-eabi/7.1.0/../../../../arm-none-eabi/lib/armv6k/fpu\libg.a(lib_a-locale.o)
                0x00132d74                __global_locale
 .data.defaultDevice
                0x00132ee0        0x4 c:/devkitpro/devkitarm/bin/../lib/gcc/arm-none-eabi/7.1.0/../../../../arm-none-eabi/lib/armv6k/fpu\libsysbase.a(iosupport.o)
 .data.devoptab_list
                0x00132ee4       0x40 c:/devkitpro/devkitarm/bin/../lib/gcc/arm-none-eabi/7.1.0/../../../../arm-none-eabi/lib/armv6k/fpu\libsysbase.a(iosupport.o)
                0x00132ee4                devoptab_list
 .data._current_working_directory
                0x00132f24     0x1000 c:/devkitpro/devkitarm/bin/../lib/gcc/arm-none-eabi/7.1.0/../../../../arm-none-eabi/lib/armv6k/fpu\libsysbase.a(chdir.o)
 .data.__hndl_lock